Component: ARM Compiler 5.06 update 5 (build 528) Tool: armlink [4d35e2]

==============================================================================

Section Cross References

    startup_stm32f103xb.o(STACK) refers (Special) to heapauxi.o(.text) for __use_two_region_memory
    startup_stm32f103xb.o(HEAP) refers (Special) to heapauxi.o(.text) for __use_two_region_memory
    startup_stm32f103xb.o(RESET) refers (Special) to heapauxi.o(.text) for __use_two_region_memory
    startup_stm32f103xb.o(RESET) refers to startup_stm32f103xb.o(STACK) for __initial_sp
    startup_stm32f103xb.o(RESET) refers to startup_stm32f103xb.o(.text) for Reset_Handler
    startup_stm32f103xb.o(RESET) refers to stm32f1xx_it.o(i.NMI_Handler) for NMI_Handler
    startup_stm32f103xb.o(RESET) refers to stm32f1xx_it.o(i.HardFault_Handler) for HardFault_Handler
    startup_stm32f103xb.o(RESET) refers to stm32f1xx_it.o(i.MemManage_Handler) for MemManage_Handler
    startup_stm32f103xb.o(RESET) refers to stm32f1xx_it.o(i.BusFault_Handler) for BusFault_Handler
    startup_stm32f103xb.o(RESET) refers to stm32f1xx_it.o(i.UsageFault_Handler) for UsageFault_Handler
    startup_stm32f103xb.o(RESET) refers to stm32f1xx_it.o(i.SVC_Handler) for SVC_Handler
    startup_stm32f103xb.o(RESET) refers to stm32f1xx_it.o(i.DebugMon_Handler) for DebugMon_Handler
    startup_stm32f103xb.o(RESET) refers to stm32f1xx_it.o(i.PendSV_Handler) for PendSV_Handler
    startup_stm32f103xb.o(RESET) refers to stm32f1xx_it.o(i.SysTick_Handler) for SysTick_Handler
    startup_stm32f103xb.o(RESET) refers to exti.o(i.EXTI3_IRQHandler) for EXTI3_IRQHandler
    startup_stm32f103xb.o(RESET) refers to gtim.o(i.TIM3_IRQHandler) for TIM3_IRQHandler
    startup_stm32f103xb.o(.text) refers (Special) to heapauxi.o(.text) for __use_two_region_memory
    startup_stm32f103xb.o(.text) refers to system_stm32f1xx.o(i.SystemInit) for SystemInit
    startup_stm32f103xb.o(.text) refers to __main.o(!!!main) for __main
    startup_stm32f103xb.o(.text) refers to startup_stm32f103xb.o(HEAP) for Heap_Mem
    startup_stm32f103xb.o(.text) refers to startup_stm32f103xb.o(STACK) for Stack_Mem
    main.o(i.SystemClock_Config) refers to rt_memclr_w.o(.text) for __aeabi_memclr4
    main.o(i.SystemClock_Config) refers to stm32f1xx_hal_rcc.o(i.HAL_RCC_OscConfig) for HAL_RCC_OscConfig
    main.o(i.SystemClock_Config) refers to stm32f1xx_hal_rcc.o(i.HAL_RCC_ClockConfig) for HAL_RCC_ClockConfig
    main.o(i.main) refers to _printf_percent.o(.ARM.Collect$$_printf_percent$$00000000) for _printf_percent
    main.o(i.main) refers to _printf_f.o(.ARM.Collect$$_printf_percent$$00000003) for _printf_f
    main.o(i.main) refers to printf1.o(x$fpl$printf1) for _printf_fp_dec
    main.o(i.main) refers to stm32f1xx_hal.o(i.HAL_Init) for HAL_Init
    main.o(i.main) refers to main.o(i.SystemClock_Config) for SystemClock_Config
    main.o(i.main) refers to led.o(i.led_init) for led_init
    main.o(i.main) refers to exti.o(i.exti_init) for exti_init
    main.o(i.main) refers to oled.o(i.OLED_Init) for OLED_Init
    main.o(i.main) refers to oled.o(i.OLED_ShowString) for OLED_ShowString
    main.o(i.main) refers to pwm.o(i.gtim_pwn_chy_init) for gtim_pwn_chy_init
    main.o(i.main) refers to gtim.o(i.gtim_timx_cap_init) for gtim_timx_cap_init
    main.o(i.main) refers to f2d.o(x$fpl$f2d) for __aeabi_f2d
    main.o(i.main) refers to noretval__2sprintf.o(.text) for __2sprintf
    main.o(i.main) refers to sin.o(i.sin) for sin
    main.o(i.main) refers to daddsub_clz.o(x$fpl$dadd) for __aeabi_dadd
    main.o(i.main) refers to dmul.o(x$fpl$dmul) for __aeabi_dmul
    main.o(i.main) refers to scalbn.o(x$fpl$scalbn) for __ARM_scalbn
    main.o(i.main) refers to dfixu.o(x$fpl$dfixu) for __aeabi_d2uiz
    main.o(i.main) refers to faddsub_clz.o(x$fpl$fadd) for __aeabi_fadd
    main.o(i.main) refers to delay.o(i.Delay_ms) for Delay_ms
    main.o(i.main) refers to gtim.o(.data) for g_freq_hz
    main.o(i.main) refers to pwm.o(.bss) for gtim_pwn_chy_handle
    gpio.o(i.MX_GPIO_Init) refers to stm32f1xx_hal_gpio.o(i.HAL_GPIO_WritePin) for HAL_GPIO_WritePin
    gpio.o(i.MX_GPIO_Init) refers to stm32f1xx_hal_gpio.o(i.HAL_GPIO_Init) for HAL_GPIO_Init
    stm32f1xx_it.o(i.SysTick_Handler) refers to stm32f1xx_hal.o(i.HAL_IncTick) for HAL_IncTick
    stm32f1xx_hal_msp.o(i.HAL_MspInit) refers to stm32f1xx_hal_cortex.o(i.HAL_NVIC_SetPriorityGrouping) for HAL_NVIC_SetPriorityGrouping
    stm32f1xx_hal_tim.o(i.HAL_TIM_Base_DeInit) refers to stm32f1xx_hal_tim.o(i.HAL_TIM_Base_MspDeInit) for HAL_TIM_Base_MspDeInit
    stm32f1xx_hal_tim.o(i.HAL_TIM_Base_Init) refers to stm32f1xx_hal_tim.o(i.HAL_TIM_Base_MspInit) for HAL_TIM_Base_MspInit
    stm32f1xx_hal_tim.o(i.HAL_TIM_Base_Init) refers to stm32f1xx_hal_tim.o(i.TIM_Base_SetConfig) for TIM_Base_SetConfig
    stm32f1xx_hal_tim.o(i.HAL_TIM_Base_Start_DMA) refers to stm32f1xx_hal_dma.o(i.HAL_DMA_Start_IT) for HAL_DMA_Start_IT
[...]
    ..\Drivers\STM32F1xx_HAL_Driver\Src\stm32f1xx_hal_flash_ex.c 0x00000000   Number         0  stm32f1xx_hal_flash_ex.o ABSOLUTE
    ..\Drivers\STM32F1xx_HAL_Driver\Src\stm32f1xx_hal_gpio.c 0x00000000   Number         0  stm32f1xx_hal_gpio.o ABSOLUTE
    ..\Drivers\STM32F1xx_HAL_Driver\Src\stm32f1xx_hal_gpio_ex.c 0x00000000   Number         0  stm32f1xx_hal_gpio_ex.o ABSOLUTE
    ..\Drivers\STM32F1xx_HAL_Driver\Src\stm32f1xx_hal_pwr.c 0x00000000   Number         0  stm32f1xx_hal_pwr.o ABSOLUTE
    ..\Drivers\STM32F1xx_HAL_Driver\Src\stm32f1xx_hal_rcc.c 0x00000000   Number         0  stm32f1xx_hal_rcc.o ABSOLUTE
    ..\Drivers\STM32F1xx_HAL_Driver\Src\stm32f1xx_hal_rcc_ex.c 0x00000000   Number         0  stm32f1xx_hal_rcc_ex.o ABSOLUTE
    ..\Drivers\STM32F1xx_HAL_Driver\Src\stm32f1xx_hal_tim.c 0x00000000   Number         0  stm32f1xx_hal_tim.o ABSOLUTE
    ..\Drivers\STM32F1xx_HAL_Driver\Src\stm32f1xx_hal_tim_ex.c 0x00000000   Number         0  stm32f1xx_hal_tim_ex.o ABSOLUTE
    ..\Src\gpio.c                            0x00000000   Number         0  gpio.o ABSOLUTE
    ..\Src\main.c                            0x00000000   Number         0  main.o ABSOLUTE
    ..\Src\stm32f1xx_hal_msp.c               0x00000000   Number         0  stm32f1xx_hal_msp.o ABSOLUTE
    ..\Src\stm32f1xx_it.c                    0x00000000   Number         0  stm32f1xx_it.o ABSOLUTE
    ..\Src\system_stm32f1xx.c                0x00000000   Number         0  system_stm32f1xx.o ABSOLUTE
    ..\\Drivers\\BSP\\DELAY\\Delay.c         0x00000000   Number         0  delay.o ABSOLUTE
    ..\\Drivers\\BSP\\EXTI\\EXTI.c           0x00000000   Number         0  exti.o ABSOLUTE
    ..\\Drivers\\BSP\\KEY\\KEY.c             0x00000000   Number         0  key.o ABSOLUTE
    ..\\Drivers\\BSP\\LED\\LED.c             0x00000000   Number         0  led.o ABSOLUTE
    ..\\Drivers\\BSP\\OLED\\OLED.c           0x00000000   Number         0  oled.o ABSOLUTE
    ..\\Drivers\\BSP\\PWM\\GTIM.c            0x00000000   Number         0  gtim.o ABSOLUTE
    ..\\Drivers\\BSP\\PWM\\PWM.c             0x00000000   Number         0  pwm.o ABSOLUTE
    dc.s                                     0x00000000   Number         0  dc.o ABSOLUTE
    startup_stm32f103xb.s                    0x00000000   Number         0  startup_stm32f103xb.o ABSOLUTE
    RESET                                    0x08000000   Section      236  startup_stm32f103xb.o(RESET)
    !!!main                                  0x080000ec   Section        8  __main.o(!!!main)
    !!!scatter                               0x080000f4   Section       52  __scatter.o(!!!scatter)
    !!handler_copy                           0x08000128   Section       26  __scatter_copy.o(!!handler_copy)
    !!handler_zi                             0x08000144   Section       28  __scatter_zi.o(!!handler_zi)
    .ARM.Collect$$_printf_percent$$00000000  0x08000160   Section        0  _printf_percent.o(.ARM.Collect$$_printf_percent$$00000000)
    .ARM.Collect$$_printf_percent$$00000003  0x08000160   Section        6  _printf_f.o(.ARM.Collect$$_printf_percent$$00000003)
    .ARM.Collect$$_printf_percent$$00000017  0x08000166   Section        4  _printf_percent_end.o(.ARM.Collect$$_printf_percent$$00000017)
    .ARM.Collect$$libinit$$00000000          0x0800016a   Section        2  libinit.o(.ARM.Collect$$libinit$$00000000)
    .ARM.Collect$$libinit$$00000002          0x0800016c   Section        0  libinit2.o(.ARM.Collect$$libinit$$00000002)
    .ARM.Collect$$libinit$$00000004          0x0800016c   Section        0  libinit2.o(.ARM.Collect$$libinit$$00000004)
    .ARM.Collect$$libinit$$0000000A          0x0800016c   Section        0  libinit2.o(.ARM.Collect$$libinit$$0000000A)
    .ARM.Collect$$libinit$$0000000C          0x0800016c   Section        0  libinit2.o(.ARM.Collect$$libinit$$0000000C)
    .ARM.Collect$$libinit$$0000000E          0x0800016c   Section        0  libinit2.o(.ARM.Collect$$libinit$$0000000E)
    .ARM.Collect$$libinit$$0000000F          0x0800016c   Section        6  libinit2.o(.ARM.Collect$$libinit$$0000000F)
    .ARM.Collect$$libinit$$00000011          0x08000172   Section        0  libinit2.o(.ARM.Collect$$libinit$$00000011)
    .ARM.Collect$$libinit$$00000013          0x08000172   Section        0  libinit2.o(.ARM.Collect$$libinit$$00000013)
    .ARM.Collect$$libinit$$00000015          0x08000172   Section        0  libinit2.o(.ARM.Collect$$libinit$$00000015)
    .ARM.Collect$$libinit$$00000016          0x08000172   Section       10  libinit2.o(.ARM.Collect$$libinit$$00000016)
    .ARM.Collect$$libinit$$00000017          0x0800017c   Section        0  libinit2.o(.ARM.Collect$$libinit$$00000017)
    .ARM.Collect$$libinit$$00000019          0x0800017c   Section        0  libinit2.o(.ARM.Collect$$libinit$$00000019)
    .ARM.Collect$$libinit$$0000001B          0x0800017c   Section        0  libinit2.o(.ARM.Collect$$libinit$$0000001B)
    .ARM.Collect$$libinit$$0000001D          0x0800017c   Section        0  libinit2.o(.ARM.Collect$$libinit$$0000001D)
    .ARM.Collect$$libinit$$0000001F          0x0800017c   Section        0  libinit2.o(.ARM.Collect$$libinit$$0000001F)
    .ARM.Collect$$libinit$$00000021          0x0800017c   Section        0  libinit2.o(.ARM.Collect$$libinit$$00000021)
    .ARM.Collect$$libinit$$00000023          0x0800017c   Section        0  libinit2.o(.ARM.Collect$$libinit$$00000023)
    .ARM.Collect$$libinit$$00000025          0x0800017c   Section        0  libinit2.o(.ARM.Collect$$libinit$$00000025)
    .ARM.Collect$$libinit$$0000002C          0x0800017c   Section        0  libinit2.o(.ARM.Collect$$libinit$$0000002C)
    .ARM.Collect$$libinit$$0000002E          0x0800017c   Section        0  libinit2.o(.ARM.Collect$$libinit$$0000002E)
    .ARM.Collect$$libinit$$00000030          0x0800017c   Section        0  libinit2.o(.ARM.Collect$$libinit$$00000030)
    .ARM.Collect$$libinit$$00000032          0x0800017c   Section        0  libinit2.o(.ARM.Collect$$libinit$$00000032)
    .ARM.Collect$$libinit$$00000033          0x0800017c   Section        2  libinit2.o(.ARM.Collect$$libinit$$00000033)
    .ARM.Collect$$libshutdown$$00000000      0x0800017e   Section        2  libshutdown.o(.ARM.Collect$$libshutdown$$00000000)
    .ARM.Collect$$libshutdown$$00000002      0x08000180   Section        0  libshutdown2.o(.ARM.Collect$$libshutdown$$00000002)
    .ARM.Collect$$libshutdown$$00000004      0x08000180   Section        0  libshutdown2.o(.ARM.Collect$$libshutdown$$00000004)
    .ARM.Collect$$libshutdown$$00000007      0x08000180   Section        0  libshutdown2.o(.ARM.Collect$$libshutdown$$00000007)
    .ARM.Collect$$libshutdown$$0000000A      0x08000180   Section        0  libshutdown2.o(.ARM.Collect$$libshutdown$$0000000A)
    .ARM.Collect$$libshutdown$$0000000C      0x08000180   Section        0  libshutdown2.o(.ARM.Collect$$libshutdown$$0000000C)
    .ARM.Collect$$libshutdown$$0000000F      0x08000180   Section        0  libshutdown2.o(.ARM.Collect$$libshutdown$$0000000F)
    .ARM.Collect$$libshutdown$$00000010      0x08000180   Section        2  libshutdown2.o(.ARM.Collect$$libshutdown$$00000010)
    .ARM.Collect$$rtentry$$00000000          0x08000182   Section        0  __rtentry.o(.ARM.Collect$$rtentry$$00000000)
    .ARM.Collect$$rtentry$$00000002          0x08000182   Section        0  __rtentry2.o(.ARM.Collect$$rtentry$$00000002)
    .ARM.Collect$$rtentry$$00000004          0x08000182   Section        6  __rtentry4.o(.ARM.Collect$$rtentry$$00000004)
    .ARM.Collect$$rtentry$$00000009          0x08000188   Section        0  __rtentry2.o(.ARM.Collect$$rtentry$$00000009)
    .ARM.Collect$$rtentry$$0000000A          0x08000188   Section        4  __rtentry2.o(.ARM.Collect$$rtentry$$0000000A)
    .ARM.Collect$$rtentry$$0000000C          0x0800018c   Section        0  __rtentry2.o(.ARM.Collect$$rtentry$$0000000C)
    .ARM.Collect$$rtentry$$0000000D          0x0800018c   Section        8  __rtentry2.o(.ARM.Collect$$rtentry$$0000000D)
    .ARM.Collect$$rtexit$$00000000           0x08000194   Section        2  rtexit.o(.ARM.Collect$$rtexit$$00000000)
    .ARM.Collect$$rtexit$$00000002           0x08000196   Section        0  rtexit2.o(.ARM.Collect$$rtexit$$00000002)
    .ARM.Collect$$rtexit$$00000003           0x08000196   Section        4  rtexit2.o(.ARM.Collect$$rtexit$$00000003)
    .ARM.Collect$$rtexit$$00000004           0x0800019a   Section        6  rtexit2.o(.ARM.Collect$$rtexit$$00000004)
    .text                                    0x080001a0   Section       64  startup_stm32f103xb.o(.text)
    .text                                    0x080001e0   Section        0  noretval__2sprintf.o(.text)
    .text                                    0x08000208   Section        0  __printf_wp.o(.text)
    .text                                    0x08000316   Section       78  rt_memclr_w.o(.text)
    .text                                    0x08000364   Section        0  heapauxi.o(.text)
    .text                                    0x0800036a   Section        0  _rserrno.o(.text)
    .text                                    0x08000380   Section        0  _printf_fp_dec.o(.text)
    _fp_digits                               0x08000383   Thumb Code   432  _printf_fp_dec.o(.text)
    .text                                    0x080007a0   Section        0  _printf_char_common.o(.text)
    _printf_input_char                       0x080007a1   Thumb Code    10  _printf_char_common.o(.text)
    .text                                    0x080007d0   Section        0  _sputc.o(.text)
    .text                                    0x080007dc   Section        8  rt_locale_intlibspace.o(.text)
    .text                                    0x080007e4   Section        8  rt_errno_addr_intlibspace.o(.text)
    .text                                    0x080007ec   Section      138  lludiv10.o(.text)
    .text                                    0x08000878   Section        0  _printf_fp_infnan.o(.text)
    .text                                    0x080008f8   Section        0  bigflt0.o(.text)
    .text                                    0x080009dc   Section        8  libspace.o(.text)
    .text                                    0x080009e4   Section       74  sys_stackheap_outer.o(.text)
    .text                                    0x08000a2e   Section        0  exit.o(.text)
    .text                                    0x08000a40   Section      128  strcmpv7m.o(.text)
    .text                                    0x08000ac0   Section        0  sys_exit.o(.text)
    .text                                    0x08000acc   Section        2  use_no_semi.o(.text)
    .text                                    0x08000ace   Section        0  indicate_semi.o(.text)
    CL$$btod_d2e                             0x08000ace   Section       62  btod.o(CL$$btod_d2e)
    CL$$btod_d2e_denorm_low                  0x08000b0c   Section       70  btod.o(CL$$btod_d2e_denorm_low)
    CL$$btod_d2e_norm_op1                    0x08000b52   Section       96  btod.o(CL$$btod_d2e_norm_op1)
    CL$$btod_div_common                      0x08000bb2   Section      824  btod.o(CL$$btod_div_common)
    CL$$btod_e2e                             0x08000eea   Section      220  btod.o(CL$$btod_e2e)
    CL$$btod_ediv                            0x08000fc6   Section       42  btod.o(CL$$btod_ediv)
    CL$$btod_emul                            0x08000ff0   Section       42  btod.o(CL$$btod_emul)
    CL$$btod_mult_common                     0x0800101a   Section      580  btod.o(CL$$btod_mult_common)
    i.BusFault_Handler                       0x0800125e   Section        0  stm32f1xx_it.o(i.BusFault_Handler)
    i.DebugMon_Handler                       0x08001260   Section        0  stm32f1xx_it.o(i.DebugMon_Handler)
    i.Delay_ms                               0x08001262   Section        0  delay.o(i.Delay_ms)
    i.EXTI3_IRQHandler                       0x08001266   Section        0  exti.o(i.EXTI3_IRQHandler)
    i.HAL_Delay                              0x0800126c   Section        0  stm32f1xx_hal.o(i.HAL_Delay)
    i.HAL_GPIO_EXTI_Callback                 0x08001290   Section        0  exti.o(i.HAL_GPIO_EXTI_Callback)
    i.HAL_GPIO_EXTI_IRQHandler               0x080012b8   Section        0  stm32f1xx_hal_gpio.o(i.HAL_GPIO_EXTI_IRQHandler)
    i.HAL_GPIO_Init                          0x080012d0   Section        0  stm32f1xx_hal_gpio.o(i.HAL_GPIO_Init)
    i.HAL_GPIO_ReadPin                       0x080014b0   Section        0  stm32f1xx_hal_gpio.o(i.HAL_GPIO_ReadPin)
    i.HAL_GPIO_WritePin                      0x080014ba   Section        0  stm32f1xx_hal_gpio.o(i.HAL_GPIO_WritePin)
    i.HAL_GetTick                            0x080014c4   Section        0  stm32f1xx_hal.o(i.HAL_GetTick)
    i.HAL_IncTick                            0x080014d0   Section        0  stm32f1xx_hal.o(i.HAL_IncTick)
    i.HAL_Init                               0x080014e0   Section        0  stm32f1xx_hal.o(i.HAL_Init)
    i.HAL_InitTick                           0x08001504   Section        0  stm32f1xx_hal.o(i.HAL_InitTick)
    i.HAL_MspInit                            0x08001544   Section        0  stm32f1xx_hal_msp.o(i.HAL_MspInit)
    i.HAL_NVIC_EnableIRQ                     0x08001588   Section        0  stm32f1xx_hal_cortex.o(i.HAL_NVIC_EnableIRQ)
    i.HAL_NVIC_SetPriority                   0x080015a4   Section        0  stm32f1xx_hal_cortex.o(i.HAL_NVIC_SetPriority)
    i.HAL_NVIC_SetPriorityGrouping           0x080015e4   Section        0  stm32f1xx_hal_cortex.o(i.HAL_NVIC_SetPriorityGrouping)
    i.HAL_RCC_ClockConfig                    0x08001608   Section        0  stm32f1xx_hal_rcc.o(i.HAL_RCC_ClockConfig)
    i.HAL_RCC_GetPCLK1Freq                   0x08001734   Section        0  stm32f1xx_hal_rcc.o(i.HAL_RCC_GetPCLK1Freq)
    i.HAL_RCC_GetSysClockFreq                0x08001754   Section        0  stm32f1xx_hal_rcc.o(i.HAL_RCC_GetSysClockFreq)
    i.HAL_RCC_OscConfig                      0x080017c0   Section        0  stm32f1xx_hal_rcc.o(i.HAL_RCC_OscConfig)
    i.HAL_SYSTICK_Config                     0x08001ae0   Section        0  stm32f1xx_hal_cortex.o(i.HAL_SYSTICK_Config)
    i.HAL_TIMEx_BreakCallback                0x08001b08   Section        0  stm32f1xx_hal_tim_ex.o(i.HAL_TIMEx_BreakCallback)
    i.HAL_TIMEx_CommutCallback               0x08001b0a   Section        0  stm32f1xx_hal_tim_ex.o(i.HAL_TIMEx_CommutCallback)
    i.HAL_TIM_IC_CaptureCallback             0x08001b0c   Section        0  gtim.o(i.HAL_TIM_IC_CaptureCallback)
    i.HAL_TIM_IC_ConfigChannel               0x08001bb8   Section        0  stm32f1xx_hal_tim.o(i.HAL_TIM_IC_ConfigChannel)
    i.HAL_TIM_IC_Init                        0x08001cc6   Section        0  stm32f1xx_hal_tim.o(i.HAL_TIM_IC_Init)
    i.HAL_TIM_IC_MspInit                     0x08001d20   Section        0  stm32f1xx_hal_tim.o(i.HAL_TIM_IC_MspInit)
    i.HAL_TIM_IC_Start_IT                    0x08001d24   Section        0  stm32f1xx_hal_tim.o(i.HAL_TIM_IC_Start_IT)
    i.HAL_TIM_IRQHandler                     0x08001e04   Section        0  stm32f1xx_hal_tim.o(i.HAL_TIM_IRQHandler)
    i.HAL_TIM_OC_DelayElapsedCallback        0x08001f6a   Section        0  stm32f1xx_hal_tim.o(i.HAL_TIM_OC_DelayElapsedCallback)
    i.HAL_TIM_PWM_ConfigChannel              0x08001f6c   Section        0  stm32f1xx_hal_tim.o(i.HAL_TIM_PWM_ConfigChannel)
    i.HAL_TIM_PWM_Init                       0x08002032   Section        0  stm32f1xx_hal_tim.o(i.HAL_TIM_PWM_Init)
    i.HAL_TIM_PWM_MspInit                    0x0800208c   Section        0  pwm.o(i.HAL_TIM_PWM_MspInit)
    i.HAL_TIM_PWM_PulseFinishedCallback      0x08002110   Section        0  stm32f1xx_hal_tim.o(i.HAL_TIM_PWM_PulseFinishedCallback)
    i.HAL_TIM_PWM_Start                      0x08002114   Section        0  stm32f1xx_hal_tim.o(i.HAL_TIM_PWM_Start)
    i.HAL_TIM_PeriodElapsedCallback          0x080021b0   Section        0  stm32f1xx_hal_tim.o(i.HAL_TIM_PeriodElapsedCallback)
    i.HAL_TIM_ReadCapturedValue              0x080021b2   Section        0  stm32f1xx_hal_tim.o(i.HAL_TIM_ReadCapturedValue)
    i.HAL_TIM_TriggerCallback                0x080021dc   Section        0  stm32f1xx_hal_tim.o(i.HAL_TIM_TriggerCallback)
    i.HardFault_Handler                      0x080021de   Section        0  stm32f1xx_it.o(i.HardFault_Handler)
    i.MemManage_Handler                      0x080021e0   Section        0  stm32f1xx_it.o(i.MemManage_Handler)
    i.NMI_Handler                            0x080021e2   Section        0  stm32f1xx_it.o(i.NMI_Handler)
    i.OLED_Clear                             0x080021e4   Section        0  oled.o(i.OLED_Clear)
    i.OLED_I2C_Init                          0x0800220c   Section        0  oled.o(i.OLED_I2C_Init)
    i.OLED_I2C_SendByte                      0x08002260   Section        0  oled.o(i.OLED_I2C_SendByte)
    i.OLED_I2C_Start                         0x080022c4   Section        0  oled.o(i.OLED_I2C_Start)
    i.OLED_I2C_Stop                          0x080022fc   Section        0  oled.o(i.OLED_I2C_Stop)
    i.OLED_Init                              0x0800232c   Section        0  oled.o(i.OLED_Init)
    i.OLED_Pow                               0x080023ca   Section        0  oled.o(i.OLED_Pow)
    i.OLED_SetCursor                         0x080023d8   Section        0  oled.o(i.OLED_SetCursor)
    i.OLED_ShowChar                          0x080023fc   Section        0  oled.o(i.OLED_ShowChar)
    i.OLED_ShowNum                           0x08002464   Section        0  oled.o(i.OLED_ShowNum)
    i.OLED_ShowString                        0x080024a6   Section        0  oled.o(i.OLED_ShowString)
    i.OLED_WriteCommand                      0x080024cc   Section        0  oled.o(i.OLED_WriteCommand)
    i.OLED_WriteData                         0x080024ee   Section        0  oled.o(i.OLED_WriteData)
    i.PendSV_Handler                         0x08002510   Section        0  stm32f1xx_it.o(i.PendSV_Handler)
    i.SVC_Handler                            0x08002512   Section        0  stm32f1xx_it.o(i.SVC_Handler)
    i.SysTick_Handler                        0x08002514   Section        0  stm32f1xx_it.o(i.SysTick_Handler)
    i.SystemClock_Config                     0x08002518   Section        0  main.o(i.SystemClock_Config)
    i.SystemInit                             0x08002576   Section        0  system_stm32f1xx.o(i.SystemInit)
    i.TIM3_IRQHandler                        0x08002578   Section        0  gtim.o(i.TIM3_IRQHandler)
    i.TIM_Base_SetConfig                     0x08002584   Section        0  stm32f1xx_hal_tim.o(i.TIM_Base_SetConfig)
    i.TIM_CCxChannelCmd                      0x080025f0   Section        0  stm32f1xx_hal_tim.o(i.TIM_CCxChannelCmd)
    i.TIM_OC1_SetConfig                      0x0800260c   Section        0  stm32f1xx_hal_tim.o(i.TIM_OC1_SetConfig)
    TIM_OC1_SetConfig                        0x0800260d   Thumb Code    74  stm32f1xx_hal_tim.o(i.TIM_OC1_SetConfig)
    i.TIM_OC2_SetConfig                      0x0800265c   Section        0  stm32f1xx_hal_tim.o(i.TIM_OC2_SetConfig)
    i.TIM_OC3_SetConfig                      0x080026b4   Section        0  stm32f1xx_hal_tim.o(i.TIM_OC3_SetConfig)
    TIM_OC3_SetConfig                        0x080026b5   Thumb Code    82  stm32f1xx_hal_tim.o(i.TIM_OC3_SetConfig)
    i.TIM_OC4_SetConfig                      0x0800270c   Section        0  stm32f1xx_hal_tim.o(i.TIM_OC4_SetConfig)
    TIM_OC4_SetConfig                        0x0800270d   Thumb Code    64  stm32f1xx_hal_tim.o(i.TIM_OC4_SetConfig)
    i.TIM_TI1_SetConfig                      0x08002750   Section        0  stm32f1xx_hal_tim.o(i.TIM_TI1_SetConfig)
    i.TIM_TI2_SetConfig                      0x080027a8   Section        0  stm32f1xx_hal_tim.o(i.TIM_TI2_SetConfig)
    TIM_TI2_SetConfig                        0x080027a9   Thumb Code    54  stm32f1xx_hal_tim.o(i.TIM_TI2_SetConfig)
    i.UsageFault_Handler                     0x080027de   Section        0  stm32f1xx_it.o(i.UsageFault_Handler)
    i.__ARM_fpclassify                       0x080027e0   Section        0  fpclassify.o(i.__ARM_fpclassify)
    i.__NVIC_SetPriority                     0x08002808   Section        0  stm32f1xx_hal_cortex.o(i.__NVIC_SetPriority)
    __NVIC_SetPriority                       0x08002809   Thumb Code    32  stm32f1xx_hal_cortex.o(i.__NVIC_SetPriority)
    i.__ieee754_rem_pio2                     0x08002828   Section        0  rred.o(i.__ieee754_rem_pio2)
    i.__kernel_cos                           0x08002bb0   Section        0  cos_i.o(i.__kernel_cos)
    i.__kernel_poly                          0x08002cac   Section        0  poly.o(i.__kernel_poly)
    i.__kernel_sin                           0x08002d58   Section        0  sin_i.o(i.__kernel_sin)
    i.__mathlib_dbl_infnan                   0x08002e44   Section        0  dunder.o(i.__mathlib_dbl_infnan)
    i.__mathlib_dbl_invalid                  0x08002e4a   Section        0  dunder.o(i.__mathlib_dbl_invalid)
    i.__mathlib_dbl_underflow                0x08002e58   Section        0  dunder.o(i.__mathlib_dbl_underflow)
    i._is_digit                              0x08002e68   Section        0  __printf_wp.o(i._is_digit)
    i.exti_init                              0x08002e78   Section        0  exti.o(i.exti_init)
    i.gtim_pwn_chy_init                      0x08002ec4   Section        0  pwm.o(i.gtim_pwn_chy_init)
    i.gtim_timx_cap_init                     0x08002f04   Section        0  gtim.o(i.gtim_timx_cap_init)
    i.led_Open                               0x08002f9c   Section        0  led.o(i.led_Open)
    i.led_close                              0x08002fac   Section        0  led.o(i.led_close)
    i.led_init                               0x08002fbc   Section        0  led.o(i.led_init)
    i.main                                   0x08003004   Section        0  main.o(i.main)
    i.sin                                    0x080030c8   Section        0  sin.o(i.sin)
    locale$$code                             0x08003168   Section       44  lc_numeric_c.o(locale$$code)
    x$fpl$dadd                               0x08003194   Section      336  daddsub_clz.o(x$fpl$dadd)
    _dadd1                                   0x080031a5   Thumb Code     0  daddsub_clz.o(x$fpl$dadd)
    x$fpl$dcheck1                            0x080032e4   Section       16  dcheck1.o(x$fpl$dcheck1)
    x$fpl$ddiv                               0x080032f4   Section      688  ddiv.o(x$fpl$ddiv)
    ddiv_entry                               0x080032fb   Thumb Code     0  ddiv.o(x$fpl$ddiv)
    x$fpl$dfix                               0x080035a4   Section       94  dfix.o(x$fpl$dfix)
    x$fpl$dfixu                              0x08003604   Section       90  dfixu.o(x$fpl$dfixu)
    x$fpl$dflt                               0x0800365e   Section       46  dflt_clz.o(x$fpl$dflt)
    x$fpl$dfltu                              0x0800368c   Section       38  dflt_clz.o(x$fpl$dfltu)
    x$fpl$dmul                               0x080036b4   Section      340  dmul.o(x$fpl$dmul)
    x$fpl$dnaninf                            0x08003808   Section      156  dnaninf.o(x$fpl$dnaninf)
    x$fpl$dretinf                            0x080038a4   Section       12  dretinf.o(x$fpl$dretinf)
    x$fpl$drsb                               0x080038b0   Section       22  daddsub_clz.o(x$fpl$drsb)
    x$fpl$dsub                               0x080038c8   Section      468  daddsub_clz.o(x$fpl$dsub)
    _dsub1                                   0x080038d9   Thumb Code     0  daddsub_clz.o(x$fpl$dsub)
    x$fpl$f2d                                0x08003a9c   Section       86  f2d.o(x$fpl$f2d)
    x$fpl$fadd                               0x08003af4   Section      196  faddsub_clz.o(x$fpl$fadd)
    _fadd1                                   0x08003b03   Thumb Code     0  faddsub_clz.o(x$fpl$fadd)
    x$fpl$fdiv                               0x08003bb8   Section      388  fdiv.o(x$fpl$fdiv)
    _fdiv1                                   0x08003bb9   Thumb Code     0  fdiv.o(x$fpl$fdiv)
    x$fpl$ffltu                              0x08003d3c   Section       38  fflt_clz.o(x$fpl$ffltu)
    x$fpl$fnaninf                            0x08003d62   Section      140  fnaninf.o(x$fpl$fnaninf)
    x$fpl$fretinf                            0x08003dee   Section       10  fretinf.o(x$fpl$fretinf)
    x$fpl$fsub                               0x08003df8   Section      234  faddsub_clz.o(x$fpl$fsub)
    _fsub1                                   0x08003e07   Thumb Code     0  faddsub_clz.o(x$fpl$fsub)
    x$fpl$printf1                            0x08003ee2   Section        4  printf1.o(x$fpl$printf1)
    x$fpl$retnan                             0x08003ee6   Section      100  retnan.o(x$fpl$retnan)
    x$fpl$scalbn                             0x08003f4a   Section       92  scalbn.o(x$fpl$scalbn)
    x$fpl$trapveneer                         0x08003fa6   Section       48  trapv.o(x$fpl$trapveneer)
    .constdata                               0x08003fd6   Section       16  system_stm32f1xx.o(.constdata)
    x$fpl$usenofp                            0x08003fd6   Section        0  usenofp.o(x$fpl$usenofp)
    .constdata                               0x08003fe6   Section        8  system_stm32f1xx.o(.constdata)
    .constdata                               0x08003fee   Section     1520  oled.o(.constdata)
    .constdata                               0x080045e0   Section       48  cos_i.o(.constdata)
    C                                        0x080045e0   Data          48  cos_i.o(.constdata)
    .constdata                               0x08004610   Section      200  rred.o(.constdata)
    pio2s                                    0x08004610   Data          48  rred.o(.constdata)
    twooverpi                                0x08004640   Data         152  rred.o(.constdata)
    .constdata                               0x080046d8   Section       40  sin_i.o(.constdata)
    S                                        0x080046d8   Data          40  sin_i.o(.constdata)
    .constdata                               0x08004700   Section      148  bigflt0.o(.constdata)
    tenpwrs_x                                0x08004700   Data          60  bigflt0.o(.constdata)
    tenpwrs_i                                0x0800473c   Data          64  bigflt0.o(.constdata)
    locale$$data                             0x080047b4   Section       28  lc_numeric_c.o(locale$$data)
    __lcnum_c_name                           0x080047b8   Data           2  lc_numeric_c.o(locale$$data)
    __lcnum_c_start                          0x080047c0   Data           0  lc_numeric_c.o(locale$$data)
    __lcnum_c_point                          0x080047cc   Data           0  lc_numeric_c.o(locale$$data)
    __lcnum_c_thousands                      0x080047ce   Data           0  lc_numeric_c.o(locale$$data)
    __lcnum_c_grouping                       0x080047cf   Data           0  lc_numeric_c.o(locale$$data)
    __lcnum_c_end                            0x080047d0   Data           0  lc_numeric_c.o(locale$$data)
    .data                                    0x20000000   Section       12  stm32f1xx_hal.o(.data)
    .data                                    0x2000000c   Section        4  system_stm32f1xx.o(.data)
    .data                                    0x20000010   Section       12  gtim.o(.data)
    .bss                                     0x2000001c   Section      100  pwm.o(.bss)
    .bss                                     0x20000080   Section       88  gtim.o(.bss)
    .bss                                     0x200000d8   Section       96  libspace.o(.bss)
    HEAP                                     0x20000138   Section      512  startup_stm32f103xb.o(HEAP)
    Heap_Mem                                 0x20000138   Data         512  startup_stm32f103xb.o(HEAP)
    STACK                                    0x20000338   Section     1024  startup_stm32f103xb.o(STACK)
    Stack_Mem                                0x20000338   Data        1024  startup_stm32f103xb.o(STACK)
    __initial_sp                             0x20000738   Data           0  startup_stm32f103xb.o(STACK)

    Global Symbols

    Symbol Name                              Value     Ov Type        Size  Object(Section)

    BuildAttributes$$THM_ISAv4$P$D$K$B$S$PE$A:L22UL41UL21$X:L11$S22US41US21$IEEE1$IW$USESV6$~STKCKD$USESV7$~SHL$OTIME$ROPI$IEEEX$EBA8$UX$STANDARDLIB$REQ8$PRES8$EABIv2 0x00000000   Number         0  anon$$obj.o ABSOLUTE
    __ARM_use_no_argv                        0x00000000   Number         0  main.o ABSOLUTE
    _printf_flags                            0x00000000   Number         0  printf_stubs.o ABSOLUTE
    _printf_return_value                     0x00000000   Number         0  printf_stubs.o ABSOLUTE
    _printf_sizespec                         0x00000000   Number         0  printf_stubs.o ABSOLUTE
    _printf_widthprec                        0x00000000   Number         0  printf_stubs.o ABSOLUTE
    __ARM_exceptions_init                     - Undefined Weak Reference
    __alloca_initialize                       - Undefined Weak Reference
    __arm_preinit_                            - Undefined Weak Reference
    __cpp_initialize__aeabi_                  - Undefined Weak Reference
    __cxa_finalize                            - Undefined Weak Reference
    __sigvec_lookup                           - Undefined Weak Reference
    _atexit_init                              - Undefined Weak Reference
    _call_atexit_fns                          - Undefined Weak Reference
    _clock_init                               - Undefined Weak Reference
    _fp_trap_init                             - Undefined Weak Reference
    _fp_trap_shutdown                         - Undefined Weak Reference
    _get_lc_collate                           - Undefined Weak Reference
    _get_lc_ctype                             - Undefined Weak Reference
    _get_lc_monetary                          - Undefined Weak Reference
    _get_lc_time                              - Undefined Weak Reference
    _getenv_init                              - Undefined Weak Reference
    _handle_redirection                       - Undefined Weak Reference
    _init_alloc                               - Undefined Weak Reference
    _init_user_alloc                          - Undefined Weak Reference
    _initio                                   - Undefined Weak Reference
    _printf_post_padding                      - Undefined Weak Reference
    _printf_pre_padding                       - Undefined Weak Reference
    _rand_init                                - Undefined Weak Reference
    _signal_finish                            - Undefined Weak Reference
    _signal_init                              - Undefined Weak Reference
    _terminate_alloc                          - Undefined Weak Reference
    _terminate_user_alloc                     - Undefined Weak Reference
    _terminateio                              - Undefined Weak Reference
    __Vectors_Size                           0x000000ec   Number         0  startup_stm32f103xb.o ABSOLUTE
    __Vectors                                0x08000000   Data           4  startup_stm32f103xb.o(RESET)
    __Vectors_End                            0x080000ec   Data           0  startup_stm32f103xb.o(RESET)
    __main                                   0x080000ed   Thumb Code     8  __main.o(!!!main)
    __scatterload                            0x080000f5   Thumb Code     0  __scatter.o(!!!scatter)
    __scatterload_rt2                        0x080000f5   Thumb Code    44  __scatter.o(!!!scatter)
    __scatterload_rt2_thumb_only             0x080000f5   Thumb Code     0  __scatter.o(!!!scatter)
    __scatterload_null                       0x08000103   Thumb Code     0  __scatter.o(!!!scatter)
    __scatterload_copy                       0x08000129   Thumb Code    26  __scatter_copy.o(!!handler_copy)
    __scatterload_zeroinit                   0x08000145   Thumb Code    28  __scatter_zi.o(!!handler_zi)
    _printf_f                                0x08000161   Thumb Code     0  _printf_f.o(.ARM.Collect$$_printf_percent$$00000003)
    _printf_percent                          0x08000161   Thumb Code     0  _printf_percent.o(.ARM.Collect$$_printf_percent$$00000000)
    _printf_percent_end                      0x08000167   Thumb Code     0  _printf_percent_end.o(.ARM.Collect$$_printf_percent$$00000017)
    __rt_lib_init                            0x0800016b   Thumb Code     0  libinit.o(.ARM.Collect$$libinit$$00000000)
    __rt_lib_init_fp_1                       0x0800016d   Thumb Code     0  libinit2.o(.ARM.Collect$$libinit$$00000002)
    __rt_lib_init_heap_1                     0x0800016d   Thumb Code     0  libinit2.o(.ARM.Collect$$libinit$$0000000A)
    __rt_lib_init_lc_common                  0x0800016d   Thumb Code     0  libinit2.o(.ARM.Collect$$libinit$$0000000F)
    __rt_lib_init_preinit_1                  0x0800016d   Thumb Code     0  libinit2.o(.ARM.Collect$$libinit$$00000004)
    __rt_lib_init_rand_1                     0x0800016d   Thumb Code     0  libinit2.o(.ARM.Collect$$libinit$$0000000E)
    __rt_lib_init_user_alloc_1               0x0800016d   Thumb Code     0  libinit2.o(.ARM.Collect$$libinit$$0000000C)
    __rt_lib_init_lc_collate_1               0x08000173   Thumb Code     0  libinit2.o(.ARM.Collect$$libinit$$00000011)
    __rt_lib_init_lc_ctype_1                 0x08000173   Thumb Code     0  libinit2.o(.ARM.Collect$$libinit$$00000013)
    __rt_lib_init_lc_monetary_1              0x08000173   Thumb Code     0  libinit2.o(.ARM.Collect$$libinit$$00000015)
    __rt_lib_init_lc_numeric_2               0x08000173   Thumb Code     0  libinit2.o(.ARM.Collect$$libinit$$00000016)
    __rt_lib_init_alloca_1                   0x0800017d   Thumb Code     0  libinit2.o(.ARM.Collect$$libinit$$0000002E)
    __rt_lib_init_argv_1                     0x0800017d   Thumb Code     0  libinit2.o(.ARM.Collect$$libinit$$0000002C)
    __rt_lib_init_atexit_1                   0x0800017d   Thumb Code     0  libinit2.o(.ARM.Collect$$libinit$$0000001B)
    __rt_lib_init_clock_1                    0x0800017d   Thumb Code     0  libinit2.o(.ARM.Collect$$libinit$$00000021)
    __rt_lib_init_cpp_1                      0x0800017d   Thumb Code     0  libinit2.o(.ARM.Collect$$libinit$$00000032)
    __rt_lib_init_exceptions_1               0x0800017d   Thumb Code     0  libinit2.o(.ARM.Collect$$libinit$$00000030)
    __rt_lib_init_fp_trap_1                  0x0800017d   Thumb Code     0  libinit2.o(.ARM.Collect$$libinit$$0000001F)
    __rt_lib_init_getenv_1                   0x0800017d   Thumb Code     0  libinit2.o(.ARM.Collect$$libinit$$00000023)
    __rt_lib_init_lc_numeric_1               0x0800017d   Thumb Code     0  libinit2.o(.ARM.Collect$$libinit$$00000017)
    __rt_lib_init_lc_time_1                  0x0800017d   Thumb Code     0  libinit2.o(.ARM.Collect$$libinit$$00000019)
    __rt_lib_init_return                     0x0800017d   Thumb Code     0  libinit2.o(.ARM.Collect$$libinit$$00000033)
    __rt_lib_init_signal_1                   0x0800017d   Thumb Code     0  libinit2.o(.ARM.Collect$$libinit$$0000001D)
    __rt_lib_init_stdio_1                    0x0800017d   Thumb Code     0  libinit2.o(.ARM.Collect$$libinit$$00000025)
    __rt_lib_shutdown                        0x0800017f   Thumb Code     0  libshutdown.o(.ARM.Collect$$libshutdown$$00000000)
    __rt_lib_shutdown_cpp_1                  0x08000181   Thumb Code     0  libshutdown2.o(.ARM.Collect$$libshutdown$$00000002)
    __rt_lib_shutdown_fp_trap_1              0x08000181   Thumb Code     0  libshutdown2.o(.ARM.Collect$$libshutdown$$00000007)
    __rt_lib_shutdown_heap_1                 0x08000181   Thumb Code     0  libshutdown2.o(.ARM.Collect$$libshutdown$$0000000F)
    __rt_lib_shutdown_return                 0x08000181   Thumb Code     0  libshutdown2.o(.ARM.Collect$$libshutdown$$00000010)
    __rt_lib_shutdown_signal_1               0x08000181   Thumb Code     0  libshutdown2.o(.ARM.Collect$$libshutdown$$0000000A)
    __rt_lib_shutdown_stdio_1                0x08000181   Thumb Code     0  libshutdown2.o(.ARM.Collect$$libshutdown$$00000004)
    __rt_lib_shutdown_user_alloc_1           0x08000181   Thumb Code     0  libshutdown2.o(.ARM.Collect$$libshutdown$$0000000C)
    __rt_entry                               0x08000183   Thumb Code     0  __rtentry.o(.ARM.Collect$$rtentry$$00000000)
    __rt_entry_presh_1                       0x08000183   Thumb Code     0  __rtentry2.o(.ARM.Collect$$rtentry$$00000002)
    __rt_entry_sh                            0x08000183   Thumb Code     0  __rtentry4.o(.ARM.Collect$$rtentry$$00000004)
    __rt_entry_li                            0x08000189   Thumb Code     0  __rtentry2.o(.ARM.Collect$$rtentry$$0000000A)
    __rt_entry_postsh_1                      0x08000189   Thumb Code     0  __rtentry2.o(.ARM.Collect$$rtentry$$00000009)
    __rt_entry_main                          0x0800018d   Thumb Code     0  __rtentry2.o(.ARM.Collect$$rtentry$$0000000D)
    __rt_entry_postli_1                      0x0800018d   Thumb Code     0  __rtentry2.o(.ARM.Collect$$rtentry$$0000000C)
    __rt_exit                                0x08000195   Thumb Code     0  rtexit.o(.ARM.Collect$$rtexit$$00000000)
    __rt_exit_ls                             0x08000197   Thumb Code     0  rtexit2.o(.ARM.Collect$$rtexit$$00000003)
    __rt_exit_prels_1                        0x08000197   Thumb Code     0  rtexit2.o(.ARM.Collect$$rtexit$$00000002)
    __rt_exit_exit                           0x0800019b   Thumb Code     0  rtexit2.o(.ARM.Collect$$rtexit$$00000004)
    Reset_Handler                            0x080001a1   Thumb Code     8  startup_stm32f103xb.o(.text)
    ADC1_2_IRQHandler                        0x080001bb   Thumb Code     0  startup_stm32f103xb.o(.text)
    CAN1_RX1_IRQHandler                      0x080001bb   Thumb Code     0  startup_stm32f103xb.o(.text)
    CAN1_SCE_IRQHandler                      0x080001bb   Thumb Code     0  startup_stm32f103xb.o(.text)
    DMA1_Channel1_IRQHandler                 0x080001bb   Thumb Code     0  startup_stm32f103xb.o(.text)
    DMA1_Channel2_IRQHandler                 0x080001bb   Thumb Code     0  startup_stm32f103xb.o(.text)
    DMA1_Channel3_IRQHandler                 0x080001bb   Thumb Code     0  startup_stm32f103xb.o(.text)
    DMA1_Channel4_IRQHandler                 0x080001bb   Thumb Code     0  startup_stm32f103xb.o(.text)
    DMA1_Channel5_IRQHandler                 0x080001bb   Thumb Code     0  startup_stm32f103xb.o(.text)
    DMA1_Channel6_IRQHandler                 0x080001bb   Thumb Code     0  startup_stm32f103xb.o(.text)
    DMA1_Channel7_IRQHandler                 0x080001bb   Thumb Code     0  startup_stm32f103xb.o(.text)
    EXTI0_IRQHandler                         0x080001bb   Thumb Code     0  startup_stm32f103xb.o(.text)
    EXTI15_10_IRQHandler                     0x080001bb   Thumb Code     0  startup_stm32f103xb.o(.text)
    EXTI1_IRQHandler                         0x080001bb   Thumb Code     0  startup_stm32f103xb.o(.text)
    EXTI2_IRQHandler                         0x080001bb   Thumb Code     0  startup_stm32f103xb.o(.text)
    EXTI4_IRQHandler                         0x080001bb   Thumb Code     0  startup_stm32f103xb.o(.text)
    EXTI9_5_IRQHandler                       0x080001bb   Thumb Code     0  startup_stm32f103xb.o(.text)
    FLASH_IRQHandler                         0x080001bb   Thumb Code     0  startup_stm32f103xb.o(.text)
    I2C1_ER_IRQHandler                       0x080001bb   Thumb Code     0  startup_stm32f103xb.o(.text)
    I2C1_EV_IRQHandler                       0x080001bb   Thumb Code     0  startup_stm32f103xb.o(.text)
    I2C2_ER_IRQHandler                       0x080001bb   Thumb Code     0  startup_stm32f103xb.o(.text)
    I2C2_EV_IRQHandler                       0x080001bb   Thumb Code     0  startup_stm32f103xb.o(.text)
    PVD_IRQHandler                           0x080001bb   Thumb Code     0  startup_stm32f103xb.o(.text)
    RCC_IRQHandler                           0x080001bb   Thumb Code     0  startup_stm32f103xb.o(.text)
    RTC_Alarm_IRQHandler                     0x080001bb   Thumb Code     0  startup_stm32f103xb.o(.text)
    RTC_IRQHandler                           0x080001bb   Thumb Code     0  startup_stm32f103xb.o(.text)
    SPI1_IRQHandler                          0x080001bb   Thumb Code     0  startup_stm32f103xb.o(.text)
    SPI2_IRQHandler                          0x080001bb   Thumb Code     0  startup_stm32f103xb.o(.text)
    TAMPER_IRQHandler                        0x080001bb   Thumb Code     0  startup_stm32f103xb.o(.text)
    TIM1_BRK_IRQHandler                      0x080001bb   Thumb Code     0  startup_stm32f103xb.o(.text)
    TIM1_CC_IRQHandler                       0x080001bb   Thumb Code     0  startup_stm32f103xb.o(.text)
    TIM1_TRG_COM_IRQHandler                  0x080001bb   Thumb Code     0  startup_stm32f103xb.o(.text)
    TIM1_UP_IRQHandler                       0x080001bb   Thumb Code     0  startup_stm32f103xb.o(.text)
    TIM2_IRQHandler                          0x080001bb   Thumb Code     0  startup_stm32f103xb.o(.text)
    TIM4_IRQHandler                          0x080001bb   Thumb Code     0  startup_stm32f103xb.o(.text)
    USART1_IRQHandler                        0x080001bb   Thumb Code     0  startup_stm32f103xb.o(.text)
    USART2_IRQHandler                        0x080001bb   Thumb Code     0  startup_stm32f103xb.o(.text)
    USART3_IRQHandler                        0x080001bb   Thumb Code     0  startup_stm32f103xb.o(.text)
    USBWakeUp_IRQHandler                     0x080001bb   Thumb Code     0  startup_stm32f103xb.o(.text)
    USB_HP_CAN1_TX_IRQHandler                0x080001bb   Thumb Code     0  startup_stm32f103xb.o(.text)
    USB_LP_CAN1_RX0_IRQHandler               0x080001bb   Thumb Code     0  startup_stm32f103xb.o(.text)
    WWDG_IRQHandler                          0x080001bb   Thumb Code     0  startup_stm32f103xb.o(.text)
    __user_initial_stackheap                 0x080001bd   Thumb Code     0  startup_stm32f103xb.o(.text)
    __2sprintf                               0x080001e1   Thumb Code    34  noretval__2sprintf.o(.text)
    __printf                                 0x08000209   Thumb Code   270  __printf_wp.o(.text)
    __aeabi_memclr4                          0x08000317   Thumb Code     0  rt_memclr_w.o(.text)
    __aeabi_memclr8                          0x08000317   Thumb Code     0  rt_memclr_w.o(.text)
    __rt_memclr_w                            0x08000317   Thumb Code    78  rt_memclr_w.o(.text)
    _memset_w                                0x0800031b   Thumb Code     0  rt_memclr_w.o(.text)
    __use_two_region_memory                  0x08000365   Thumb Code     2  heapauxi.o(.text)
    __rt_heap_escrow$2region                 0x08000367   Thumb Code     2  heapauxi.o(.text)
    __rt_heap_expand$2region                 0x08000369   Thumb Code     2  heapauxi.o(.text)
    __read_errno                             0x0800036b   Thumb Code    10  _rserrno.o(.text)
    __set_errno                              0x08000375   Thumb Code    12  _rserrno.o(.text)
    __lib_sel_fp_printf                      0x08000381   Thumb Code     2  _printf_fp_dec.o(.text)
    _printf_fp_dec_real                      0x08000533   Thumb Code   620  _printf_fp_dec.o(.text)
    _printf_char_common                      0x080007ab   Thumb Code    32  _printf_char_common.o(.text)
    _sputc                                   0x080007d1   Thumb Code    10  _sputc.o(.text)
    __rt_locale                              0x080007dd   Thumb Code     8  rt_locale_intlibspace.o(.text)
    __aeabi_errno_addr                       0x080007e5   Thumb Code     8  rt_errno_addr_intlibspace.o(.text)
    __errno$intlibspace                      0x080007e5   Thumb Code     0  rt_errno_addr_intlibspace.o(.text)
    __rt_errno_addr$intlibspace              0x080007e5   Thumb Code     0  rt_errno_addr_intlibspace.o(.text)
    _ll_udiv10                               0x080007ed   Thumb Code   138  lludiv10.o(.text)
    _printf_fp_infnan                        0x08000879   Thumb Code   112  _printf_fp_infnan.o(.text)
    _btod_etento                             0x080008f9   Thumb Code   224  bigflt0.o(.text)
    __user_libspace                          0x080009dd   Thumb Code     8  libspace.o(.text)
    __user_perproc_libspace                  0x080009dd   Thumb Code     0  libspace.o(.text)
    __user_perthread_libspace                0x080009dd   Thumb Code     0  libspace.o(.text)
    __user_setup_stackheap                   0x080009e5   Thumb Code    74  sys_stackheap_outer.o(.text)
    exit                                     0x08000a2f   Thumb Code    18  exit.o(.text)
    strcmp                                   0x08000a41   Thumb Code   128  strcmpv7m.o(.text)
    _sys_exit                                0x08000ac1   Thumb Code     8  sys_exit.o(.text)
    __I$use$semihosting                      0x08000acd   Thumb Code     0  use_no_semi.o(.text)
    __use_no_semihosting_swi                 0x08000acd   Thumb Code     2  use_no_semi.o(.text)
    __semihosting_library_function           0x08000acf   Thumb Code     0  indicate_semi.o(.text)
    _btod_d2e                                0x08000acf   Thumb Code    62  btod.o(CL$$btod_d2e)
    _d2e_denorm_low                          0x08000b0d   Thumb Code    70  btod.o(CL$$btod_d2e_denorm_low)
    _d2e_norm_op1                            0x08000b53   Thumb Code    96  btod.o(CL$$btod_d2e_norm_op1)
    __btod_div_common                        0x08000bb3   Thumb Code   696  btod.o(CL$$btod_div_common)
    _e2e                                     0x08000eeb   Thumb Code   220  btod.o(CL$$btod_e2e)
    _btod_ediv                               0x08000fc7   Thumb Code    42  btod.o(CL$$btod_ediv)
    _btod_emul                               0x08000ff1   Thumb Code    42  btod.o(CL$$btod_emul)
    __btod_mult_common                       0x0800101b   Thumb Code   580  btod.o(CL$$btod_mult_common)
    BusFault_Handler                         0x0800125f   Thumb Code     2  stm32f1xx_it.o(i.BusFault_Handler)
    DebugMon_Handler                         0x08001261   Thumb Code     2  stm32f1xx_it.o(i.DebugMon_Handler)
    Delay_ms                                 0x08001263   Thumb Code     4  delay.o(i.Delay_ms)
    EXTI3_IRQHandler                         0x08001267   Thumb Code     6  exti.o(i.EXTI3_IRQHandler)
    HAL_Delay                                0x0800126d   Thumb Code    32  stm32f1xx_hal.o(i.HAL_Delay)
    HAL_GPIO_EXTI_Callback                   0x08001291   Thumb Code    34  exti.o(i.HAL_GPIO_EXTI_Callback)
    HAL_GPIO_EXTI_IRQHandler                 0x080012b9   Thumb Code    18  stm32f1xx_hal_gpio.o(i.HAL_GPIO_EXTI_IRQHandler)
    HAL_GPIO_Init                            0x080012d1   Thumb Code   446  stm32f1xx_hal_gpio.o(i.HAL_GPIO_Init)
    HAL_GPIO_ReadPin                         0x080014b1   Thumb Code    10  stm32f1xx_hal_gpio.o(i.HAL_GPIO_ReadPin)
    HAL_GPIO_WritePin                        0x080014bb   Thumb Code    10  stm32f1xx_hal_gpio.o(i.HAL_GPIO_WritePin)
    HAL_GetTick                              0x080014c5   Thumb Code     6  stm32f1xx_hal.o(i.HAL_GetTick)
    HAL_IncTick                              0x080014d1   Thumb Code    12  stm32f1xx_hal.o(i.HAL_IncTick)
    HAL_Init                                 0x080014e1   Thumb Code    32  stm32f1xx_hal.o(i.HAL_Init)
    HAL_InitTick                             0x08001505   Thumb Code    54  stm32f1xx_hal.o(i.HAL_InitTick)
    HAL_MspInit                              0x08001545   Thumb Code    58  stm32f1xx_hal_msp.o(i.HAL_MspInit)
    HAL_NVIC_EnableIRQ                       0x08001589   Thumb Code    26  stm32f1xx_hal_cortex.o(i.HAL_NVIC_EnableIRQ)
    HAL_NVIC_SetPriority                     0x080015a5   Thumb Code    60  stm32f1xx_hal_cortex.o(i.HAL_NVIC_SetPriority)
    HAL_NVIC_SetPriorityGrouping             0x080015e5   Thumb Code    26  stm32f1xx_hal_cortex.o(i.HAL_NVIC_SetPriorityGrouping)
    HAL_RCC_ClockConfig                      0x08001609   Thumb Code   280  stm32f1xx_hal_rcc.o(i.HAL_RCC_ClockConfig)
    HAL_RCC_GetPCLK1Freq                     0x08001735   Thumb Code    20  stm32f1xx_hal_rcc.o(i.HAL_RCC_GetPCLK1Freq)
    HAL_RCC_GetSysClockFreq                  0x08001755   Thumb Code    74  stm32f1xx_hal_rcc.o(i.HAL_RCC_GetSysClockFreq)
    HAL_RCC_OscConfig                        0x080017c1   Thumb Code   778  stm32f1xx_hal_rcc.o(i.HAL_RCC_OscConfig)
    HAL_SYSTICK_Config                       0x08001ae1   Thumb Code    40  stm32f1xx_hal_cortex.o(i.HAL_SYSTICK_Config)
    HAL_TIMEx_BreakCallback                  0x08001b09   Thumb Code     2  stm32f1xx_hal_tim_ex.o(i.HAL_TIMEx_BreakCallback)
    HAL_TIMEx_CommutCallback                 0x08001b0b   Thumb Code     2  stm32f1xx_hal_tim_ex.o(i.HAL_TIMEx_CommutCallback)
    HAL_TIM_IC_CaptureCallback               0x08001b0d   Thumb Code   160  gtim.o(i.HAL_TIM_IC_CaptureCallback)
    HAL_TIM_IC_ConfigChannel                 0x08001bb9   Thumb Code   270  stm32f1xx_hal_tim.o(i.HAL_TIM_IC_ConfigChannel)
    HAL_TIM_IC_Init                          0x08001cc7   Thumb Code    90  stm32f1xx_hal_tim.o(i.HAL_TIM_IC_Init)
    HAL_TIM_IC_MspInit                       0x08001d21   Thumb Code     2  stm32f1xx_hal_tim.o(i.HAL_TIM_IC_MspInit)
    HAL_TIM_IC_Start_IT                      0x08001d25   Thumb Code   212  stm32f1xx_hal_tim.o(i.HAL_TIM_IC_Start_IT)
    HAL_TIM_IRQHandler                       0x08001e05   Thumb Code   358  stm32f1xx_hal_tim.o(i.HAL_TIM_IRQHandler)
    HAL_TIM_OC_DelayElapsedCallback          0x08001f6b   Thumb Code     2  stm32f1xx_hal_tim.o(i.HAL_TIM_OC_DelayElapsedCallback)
    HAL_TIM_PWM_ConfigChannel                0x08001f6d   Thumb Code   198  stm32f1xx_hal_tim.o(i.HAL_TIM_PWM_ConfigChannel)
    HAL_TIM_PWM_Init                         0x08002033   Thumb Code    90  stm32f1xx_hal_tim.o(i.HAL_TIM_PWM_Init)
    HAL_TIM_PWM_MspInit                      0x0800208d   Thumb Code   120  pwm.o(i.HAL_TIM_PWM_MspInit)
    HAL_TIM_PWM_PulseFinishedCallback        0x08002111   Thumb Code     2  stm32f1xx_hal_tim.o(i.HAL_TIM_PWM_PulseFinishedCallback)
    HAL_TIM_PWM_Start                        0x08002115   Thumb Code   144  stm32f1xx_hal_tim.o(i.HAL_TIM_PWM_Start)
    HAL_TIM_PeriodElapsedCallback            0x080021b1   Thumb Code     2  stm32f1xx_hal_tim.o(i.HAL_TIM_PeriodElapsedCallback)
    HAL_TIM_ReadCapturedValue                0x080021b3   Thumb Code    42  stm32f1xx_hal_tim.o(i.HAL_TIM_ReadCapturedValue)
    HAL_TIM_TriggerCallback                  0x080021dd   Thumb Code     2  stm32f1xx_hal_tim.o(i.HAL_TIM_TriggerCallback)
    HardFault_Handler                        0x080021df   Thumb Code     2  stm32f1xx_it.o(i.HardFault_Handler)
    MemManage_Handler                        0x080021e1   Thumb Code     2  stm32f1xx_it.o(i.MemManage_Handler)
    NMI_Handler                              0x080021e3   Thumb Code     2  stm32f1xx_it.o(i.NMI_Handler)
    OLED_Clear                               0x080021e5   Thumb Code    38  oled.o(i.OLED_Clear)
    OLED_I2C_Init                            0x0800220d   Thumb Code    74  oled.o(i.OLED_I2C_Init)
    OLED_I2C_SendByte                        0x08002261   Thumb Code    94  oled.o(i.OLED_I2C_SendByte)
    OLED_I2C_Start                           0x080022c5   Thumb Code    52  oled.o(i.OLED_I2C_Start)
    OLED_I2C_Stop                            0x080022fd   Thumb Code    42  oled.o(i.OLED_I2C_Stop)
    OLED_Init                                0x0800232d   Thumb Code   158  oled.o(i.OLED_Init)
    OLED_Pow                                 0x080023cb   Thumb Code    14  oled.o(i.OLED_Pow)
    OLED_SetCursor                           0x080023d9   Thumb Code    34  oled.o(i.OLED_SetCursor)
    OLED_ShowChar                            0x080023fd   Thumb Code    98  oled.o(i.OLED_ShowChar)
    OLED_ShowNum                             0x08002465   Thumb Code    66  oled.o(i.OLED_ShowNum)
    OLED_ShowString                          0x080024a7   Thumb Code    38  oled.o(i.OLED_ShowString)
    OLED_WriteCommand                        0x080024cd   Thumb Code    34  oled.o(i.OLED_WriteCommand)
    OLED_WriteData                           0x080024ef   Thumb Code    34  oled.o(i.OLED_WriteData)
    PendSV_Handler                           0x08002511   Thumb Code     2  stm32f1xx_it.o(i.PendSV_Handler)
    SVC_Handler                              0x08002513   Thumb Code     2  stm32f1xx_it.o(i.SVC_Handler)
    SysTick_Handler                          0x08002515   Thumb Code     4  stm32f1xx_it.o(i.SysTick_Handler)
    SystemClock_Config                       0x08002519   Thumb Code    94  main.o(i.SystemClock_Config)
    SystemInit                               0x08002577   Thumb Code     2  system_stm32f1xx.o(i.SystemInit)
    TIM3_IRQHandler                          0x08002579   Thumb Code     6  gtim.o(i.TIM3_IRQHandler)
    TIM_Base_SetConfig                       0x08002585   Thumb Code    94  stm32f1xx_hal_tim.o(i.TIM_Base_SetConfig)
    TIM_CCxChannelCmd                        0x080025f1   Thumb Code    26  stm32f1xx_hal_tim.o(i.TIM_CCxChannelCmd)
    TIM_OC2_SetConfig                        0x0800265d   Thumb Code    84  stm32f1xx_hal_tim.o(i.TIM_OC2_SetConfig)
    TIM_TI1_SetConfig                        0x08002751   Thumb Code    76  stm32f1xx_hal_tim.o(i.TIM_TI1_SetConfig)
    UsageFault_Handler                       0x080027df   Thumb Code     2  stm32f1xx_it.o(i.UsageFault_Handler)
    __ARM_fpclassify                         0x080027e1   Thumb Code    40  fpclassify.o(i.__ARM_fpclassify)
    __ieee754_rem_pio2                       0x08002829   Thumb Code   828  rred.o(i.__ieee754_rem_pio2)
    __kernel_cos                             0x08002bb1   Thumb Code   230  cos_i.o(i.__kernel_cos)
    __kernel_poly                            0x08002cad   Thumb Code   170  poly.o(i.__kernel_poly)
    __kernel_sin                             0x08002d59   Thumb Code   224  sin_i.o(i.__kernel_sin)
    __mathlib_dbl_infnan                     0x08002e45   Thumb Code     6  dunder.o(i.__mathlib_dbl_infnan)
    __mathlib_dbl_invalid                    0x08002e4b   Thumb Code    12  dunder.o(i.__mathlib_dbl_invalid)
    __mathlib_dbl_underflow                  0x08002e59   Thumb Code    10  dunder.o(i.__mathlib_dbl_underflow)
    _is_digit                                0x08002e69   Thumb Code    14  __printf_wp.o(i._is_digit)
    exti_init                                0x08002e79   Thumb Code    62  exti.o(i.exti_init)
    gtim_pwn_chy_init                        0x08002ec5   Thumb Code    60  pwm.o(i.gtim_pwn_chy_init)
    gtim_timx_cap_init                       0x08002f05   Thumb Code   134  gtim.o(i.gtim_timx_cap_init)
    led_Open                                 0x08002f9d   Thumb Code    10  led.o(i.led_Open)
    led_close                                0x08002fad   Thumb Code    10  led.o(i.led_close)
    led_init                                 0x08002fbd   Thumb Code    62  led.o(i.led_init)
    main                                     0x08003005   Thumb Code   160  main.o(i.main)
    sin                                      0x080030c9   Thumb Code   150  sin.o(i.sin)
    _get_lc_numeric                          0x08003169   Thumb Code    44  lc_numeric_c.o(locale$$code)
    __aeabi_dadd                             0x08003195   Thumb Code     0  daddsub_clz.o(x$fpl$dadd)
    _dadd                                    0x08003195   Thumb Code   332  daddsub_clz.o(x$fpl$dadd)
    __fpl_dcheck_NaN1                        0x080032e5   Thumb Code    10  dcheck1.o(x$fpl$dcheck1)
    __aeabi_ddiv                             0x080032f5   Thumb Code     0  ddiv.o(x$fpl$ddiv)
    _ddiv                                    0x080032f5   Thumb Code   552  ddiv.o(x$fpl$ddiv)
    __aeabi_d2iz                             0x080035a5   Thumb Code     0  dfix.o(x$fpl$dfix)
    _dfix                                    0x080035a5   Thumb Code    94  dfix.o(x$fpl$dfix)
    __aeabi_d2uiz                            0x08003605   Thumb Code     0  dfixu.o(x$fpl$dfixu)
    _dfixu                                   0x08003605   Thumb Code    90  dfixu.o(x$fpl$dfixu)
    __aeabi_i2d                              0x0800365f   Thumb Code     0  dflt_clz.o(x$fpl$dflt)
    _dflt                                    0x0800365f   Thumb Code    46  dflt_clz.o(x$fpl$dflt)
    __aeabi_ui2d                             0x0800368d   Thumb Code     0  dflt_clz.o(x$fpl$dfltu)
    _dfltu                                   0x0800368d   Thumb Code    38  dflt_clz.o(x$fpl$dfltu)
    __aeabi_dmul                             0x080036b5   Thumb Code     0  dmul.o(x$fpl$dmul)
    _dmul                                    0x080036b5   Thumb Code   332  dmul.o(x$fpl$dmul)
    __fpl_dnaninf                            0x08003809   Thumb Code   156  dnaninf.o(x$fpl$dnaninf)
    __fpl_dretinf                            0x080038a5   Thumb Code    12  dretinf.o(x$fpl$dretinf)
    __aeabi_drsub                            0x080038b1   Thumb Code     0  daddsub_clz.o(x$fpl$drsb)
    _drsb                                    0x080038b1   Thumb Code    22  daddsub_clz.o(x$fpl$drsb)
    __aeabi_dsub                             0x080038c9   Thumb Code     0  daddsub_clz.o(x$fpl$dsub)
    _dsub                                    0x080038c9   Thumb Code   464  daddsub_clz.o(x$fpl$dsub)
    __aeabi_f2d                              0x08003a9d   Thumb Code     0  f2d.o(x$fpl$f2d)
    _f2d                                     0x08003a9d   Thumb Code    86  f2d.o(x$fpl$f2d)
    __aeabi_fadd                             0x08003af5   Thumb Code     0  faddsub_clz.o(x$fpl$fadd)
    _fadd                                    0x08003af5   Thumb Code   196  faddsub_clz.o(x$fpl$fadd)
    __aeabi_fdiv                             0x08003bb9   Thumb Code     0  fdiv.o(x$fpl$fdiv)
    _fdiv                                    0x08003bb9   Thumb Code   384  fdiv.o(x$fpl$fdiv)
    __aeabi_ui2f                             0x08003d3d   Thumb Code     0  fflt_clz.o(x$fpl$ffltu)
    _ffltu                                   0x08003d3d   Thumb Code    38  fflt_clz.o(x$fpl$ffltu)
    __fpl_fnaninf                            0x08003d63   Thumb Code   140  fnaninf.o(x$fpl$fnaninf)
    __fpl_fretinf                            0x08003def   Thumb Code    10  fretinf.o(x$fpl$fretinf)
    __aeabi_fsub                             0x08003df9   Thumb Code     0  faddsub_clz.o(x$fpl$fsub)
    _fsub                                    0x08003df9   Thumb Code   234  faddsub_clz.o(x$fpl$fsub)
    _printf_fp_dec                           0x08003ee3   Thumb Code     4  printf1.o(x$fpl$printf1)
    __fpl_return_NaN                         0x08003ee7   Thumb Code   100  retnan.o(x$fpl$retnan)
    __ARM_scalbn                             0x08003f4b   Thumb Code    92  scalbn.o(x$fpl$scalbn)
    __fpl_cmpreturn                          0x08003fa7   Thumb Code    48  trapv.o(x$fpl$trapveneer)
    AHBPrescTable                            0x08003fd6   Data          16  system_stm32f1xx.o(.constdata)
    __I$use$fp                               0x08003fd6   Number         0  usenofp.o(x$fpl$usenofp)
    APBPrescTable                            0x08003fe6   Data           8  system_stm32f1xx.o(.constdata)
    OLED_F8x16                               0x08003fee   Data        1520  oled.o(.constdata)
    Region$$Table$$Base                      0x08004794   Number         0  anon$$obj.o(Region$$Table)
    Region$$Table$$Limit                     0x080047b4   Number         0  anon$$obj.o(Region$$Table)
    uwTickFreq                               0x20000000   Data           1  stm32f1xx_hal.o(.data)
    uwTickPrio                               0x20000004   Data           4  stm32f1xx_hal.o(.data)
    uwTick                                   0x20000008   Data           4  stm32f1xx_hal.o(.data)
    SystemCoreClock                          0x2000000c   Data           4  system_stm32f1xx.o(.data)
    g_timx_cap_sta                           0x20000010   Data           1  gtim.o(.data)
    g_timx_cap_val                           0x20000012   Data           2  gtim.o(.data)
    g_timx_cap_val1                          0x20000014   Data           2  gtim.o(.data)
    g_timx_cap_val2                          0x20000016   Data           2  gtim.o(.data)
    g_freq_hz                                0x20000018   Data           4  gtim.o(.data)
    gtim_pwn_chy_handle                      0x2000001c   Data          72  pwm.o(.bss)
    timx_oc_pwm_chy                          0x20000064   Data          28  pwm.o(.bss)
    g_timx_cap_handle                        0x20000080   Data          72  gtim.o(.bss)
    g_timx_ic_init                           0x200000c8   Data          16  gtim.o(.bss)
    __libspace_start                         0x200000d8   Data          96  libspace.o(.bss)
    __temporary_stack_top$libspace           0x20000138   Data           0  libspace.o(.bss)



==============================================================================

Memory Map of the image

  Image Entry point : 0x080000ed

  Load Region LR_IROM1 (Base: 0x08000000, Size: 0x000047ec, Max: 0x00010000, ABSOLUTE)

    Execution Region ER_IROM1 (Exec base: 0x08000000, Load base: 0x08000000, Size: 0x000047d0, Max: 0x00010000, ABSOLUTE)

    Exec Addr    Load Addr    Size         Type   Attr      Idx    E Section Name        Object

    0x08000000   0x08000000   0x000000ec   Data   RO            3    RESET               startup_stm32f103xb.o
    0x080000ec   0x080000ec   0x00000008   Code   RO         2706  * !!!main             c_w.l(__main.o)
    0x080000f4   0x080000f4   0x00000034   Code   RO         3023    !!!scatter          c_w.l(__scatter.o)
    0x08000128   0x08000128   0x0000001a   Code   RO         3025    !!handler_copy      c_w.l(__scatter_copy.o)
    0x08000142   0x08000142   0x00000002   PAD
    0x08000144   0x08000144   0x0000001c   Code   RO         3027    !!handler_zi        c_w.l(__scatter_zi.o)
    0x08000160   0x08000160   0x00000000   Code   RO         2701    .ARM.Collect$$_printf_percent$$00000000  c_w.l(_printf_percent.o)
    0x08000160   0x08000160   0x00000006   Code   RO         2700    .ARM.Collect$$_printf_percent$$00000003  c_w.l(_printf_f.o)
    0x08000166   0x08000166   0x00000004   Code   RO         2759    .ARM.Collect$$_printf_percent$$00000017  c_w.l(_printf_percent_end.o)
    0x0800016a   0x0800016a   0x00000002   Code   RO         2894    .ARM.Collect$$libinit$$00000000  c_w.l(libinit.o)
    0x0800016c   0x0800016c   0x00000000   Code   RO         2896    .ARM.Collect$$libinit$$00000002  c_w.l(libinit2.o)
    0x0800016c   0x0800016c   0x00000000   Code   RO         2898    .ARM.Collect$$libinit$$00000004  c_w.l(libinit2.o)
    0x0800016c   0x0800016c   0x00000000   Code   RO         2901    .ARM.Collect$$libinit$$0000000A  c_w.l(libinit2.o)
    0x0800016c   0x0800016c   0x00000000   Code   RO         2903    .ARM.Collect$$libinit$$0000000C  c_w.l(libinit2.o)
    0x0800016c   0x0800016c   0x00000000   Code   RO         2905    .ARM.Collect$$libinit$$0000000E  c_w.l(libinit2.o)
    0x0800016c   0x0800016c   0x00000006   Code   RO         2906    .ARM.Collect$$libinit$$0000000F  c_w.l(libinit2.o)
    0x08000172   0x08000172   0x00000000   Code   RO         2908    .ARM.Collect$$libinit$$00000011  c_w.l(libinit2.o)
    0x08000172   0x08000172   0x00000000   Code   RO         2910    .ARM.Collect$$libinit$$00000013  c_w.l(libinit2.o)
    0x08000172   0x08000172   0x00000000   Code   RO         2912    .ARM.Collect$$libinit$$00000015  c_w.l(libinit2.o)
    0x08000172   0x08000172   0x0000000a   Code   RO         2913    .ARM.Collect$$libinit$$00000016  c_w.l(libinit2.o)
    0x0800017c   0x0800017c   0x00000000   Code   RO         2914    .ARM.Collect$$libinit$$00000017  c_w.l(libinit2.o)
    0x0800017c   0x0800017c   0x00000000   Code   RO         2916    .ARM.Collect$$libinit$$00000019  c_w.l(libinit2.o)
    0x0800017c   0x0800017c   0x00000000   Code   RO         2918    .ARM.Collect$$libinit$$0000001B  c_w.l(libinit2.o)
    0x0800017c   0x0800017c   0x00000000   Code   RO         2920    .ARM.Collect$$libinit$$0000001D  c_w.l(libinit2.o)
    0x0800017c   0x0800017c   0x00000000   Code   RO         2922    .ARM.Collect$$libinit$$0000001F  c_w.l(libinit2.o)
    0x0800017c   0x0800017c   0x00000000   Code   RO         2924    .ARM.Collect$$libinit$$00000021  c_w.l(libinit2.o)
    0x0800017c   0x0800017c   0x00000000   Code   RO         2926    .ARM.Collect$$libinit$$00000023  c_w.l(libinit2.o)
    0x0800017c   0x0800017c   0x00000000   Code   RO         2928    .ARM.Collect$$libinit$$00000025  c_w.l(libinit2.o)
    0x0800017c   0x0800017c   0x00000000   Code   RO         2932    .ARM.Collect$$libinit$$0000002C  c_w.l(libinit2.o)
    0x0800017c   0x0800017c   0x00000000   Code   RO         2934    .ARM.Collect$$libinit$$0000002E  c_w.l(libinit2.o)
    0x0800017c   0x0800017c   0x00000000   Code   RO         2936    .ARM.Collect$$libinit$$00000030  c_w.l(libinit2.o)
    0x0800017c   0x0800017c   0x00000000   Code   RO         2938    .ARM.Collect$$libinit$$00000032  c_w.l(libinit2.o)
    0x0800017c   0x0800017c   0x00000002   Code   RO         2939    .ARM.Collect$$libinit$$00000033  c_w.l(libinit2.o)
    0x0800017e   0x0800017e   0x00000002   Code   RO         2971    .ARM.Collect$$libshutdown$$00000000  c_w.l(libshutdown.o)
    0x08000180   0x08000180   0x00000000   Code   RO         2982    .ARM.Collect$$libshutdown$$00000002  c_w.l(libshutdown2.o)
    0x08000180   0x08000180   0x00000000   Code   RO         2984    .ARM.Collect$$libshutdown$$00000004  c_w.l(libshutdown2.o)
    0x08000180   0x08000180   0x00000000   Code   RO         2987    .ARM.Collect$$libshutdown$$00000007  c_w.l(libshutdown2.o)
    0x08000180   0x08000180   0x00000000   Code   RO         2990    .ARM.Collect$$libshutdown$$0000000A  c_w.l(libshutdown2.o)
    0x08000180   0x08000180   0x00000000   Code   RO         2992    .ARM.Collect$$libshutdown$$0000000C  c_w.l(libshutdown2.o)
    0x08000180   0x08000180   0x00000000   Code   RO         2995    .ARM.Collect$$libshutdown$$0000000F  c_w.l(libshutdown2.o)
    0x08000180   0x08000180   0x00000002   Code   RO         2996    .ARM.Collect$$libshutdown$$00000010  c_w.l(libshutdown2.o)
    0x08000182   0x08000182   0x00000000   Code   RO         2750    .ARM.Collect$$rtentry$$00000000  c_w.l(__rtentry.o)
    0x08000182   0x08000182   0x00000000   Code   RO         2800    .ARM.Collect$$rtentry$$00000002  c_w.l(__rtentry2.o)
    0x08000182   0x08000182   0x00000006   Code   RO         2812    .ARM.Collect$$rtentry$$00000004  c_w.l(__rtentry4.o)
    0x08000188   0x08000188   0x00000000   Code   RO         2802    .ARM.Collect$$rtentry$$00000009  c_w.l(__rtentry2.o)
    0x08000188   0x08000188   0x00000004   Code   RO         2803    .ARM.Collect$$rtentry$$0000000A  c_w.l(__rtentry2.o)
    0x0800018c   0x0800018c   0x00000000   Code   RO         2805    .ARM.Collect$$rtentry$$0000000C  c_w.l(__rtentry2.o)
    0x0800018c   0x0800018c   0x00000008   Code   RO         2806    .ARM.Collect$$rtentry$$0000000D  c_w.l(__rtentry2.o)
    0x08000194   0x08000194   0x00000002   Code   RO         2942    .ARM.Collect$$rtexit$$00000000  c_w.l(rtexit.o)
    0x08000196   0x08000196   0x00000000   Code   RO         2949    .ARM.Collect$$rtexit$$00000002  c_w.l(rtexit2.o)
    0x08000196   0x08000196   0x00000004   Code   RO         2950    .ARM.Collect$$rtexit$$00000003  c_w.l(rtexit2.o)
    0x0800019a   0x0800019a   0x00000006   Code   RO         2951    .ARM.Collect$$rtexit$$00000004  c_w.l(rtexit2.o)
    0x080001a0   0x080001a0   0x00000040   Code   RO            4    .text               startup_stm32f103xb.o
    0x080001e0   0x080001e0   0x00000028   Code   RO         2676    .text               c_w.l(noretval__2sprintf.o)
    0x08000208   0x08000208   0x0000010e   Code   RO         2688    .text               c_w.l(__printf_wp.o)
    0x08000316   0x08000316   0x0000004e   Code   RO         2702    .text               c_w.l(rt_memclr_w.o)
    0x08000364   0x08000364   0x00000006   Code   RO         2704    .text               c_w.l(heapauxi.o)
    0x0800036a   0x0800036a   0x00000016   Code   RO         2751    .text               c_w.l(_rserrno.o)
    0x08000380   0x08000380   0x0000041e   Code   RO         2753    .text               c_w.l(_printf_fp_dec.o)
    0x0800079e   0x0800079e   0x00000002   PAD
    0x080007a0   0x080007a0   0x00000030   Code   RO         2755    .text               c_w.l(_printf_char_common.o)
    0x080007d0   0x080007d0   0x0000000a   Code   RO         2757    .text               c_w.l(_sputc.o)
    0x080007da   0x080007da   0x00000002   PAD
    0x080007dc   0x080007dc   0x00000008   Code   RO         2817    .text               c_w.l(rt_locale_intlibspace.o)
    0x080007e4   0x080007e4   0x00000008   Code   RO         2822    .text               c_w.l(rt_errno_addr_intlibspace.o)
    0x080007ec   0x080007ec   0x0000008a   Code   RO         2824    .text               c_w.l(lludiv10.o)
    0x08000876   0x08000876   0x00000002   PAD
    0x08000878   0x08000878   0x00000080   Code   RO         2826    .text               c_w.l(_printf_fp_infnan.o)
    0x080008f8   0x080008f8   0x000000e4   Code   RO         2830    .text               c_w.l(bigflt0.o)
    0x080009dc   0x080009dc   0x00000008   Code   RO         2880    .text               c_w.l(libspace.o)
    0x080009e4   0x080009e4   0x0000004a   Code   RO         2883    .text               c_w.l(sys_stackheap_outer.o)
    0x08000a2e   0x08000a2e   0x00000012   Code   RO         2885    .text               c_w.l(exit.o)
    0x08000a40   0x08000a40   0x00000080   Code   RO         2887    .text               c_w.l(strcmpv7m.o)
    0x08000ac0   0x08000ac0   0x0000000c   Code   RO         2961    .text               c_w.l(sys_exit.o)
    0x08000acc   0x08000acc   0x00000002   Code   RO         2972    .text               c_w.l(use_no_semi.o)
    0x08000ace   0x08000ace   0x00000000   Code   RO         2974    .text               c_w.l(indicate_semi.o)
    0x08000ace   0x08000ace   0x0000003e   Code   RO         2833    CL$$btod_d2e        c_w.l(btod.o)
    0x08000b0c   0x08000b0c   0x00000046   Code   RO         2835    CL$$btod_d2e_denorm_low  c_w.l(btod.o)
    0x08000b52   0x08000b52   0x00000060   Code   RO         2834    CL$$btod_d2e_norm_op1  c_w.l(btod.o)
    0x08000bb2   0x08000bb2   0x00000338   Code   RO         2843    CL$$btod_div_common  c_w.l(btod.o)
    0x08000eea   0x08000eea   0x000000dc   Code   RO         2840    CL$$btod_e2e        c_w.l(btod.o)
    0x08000fc6   0x08000fc6   0x0000002a   Code   RO         2837    CL$$btod_ediv       c_w.l(btod.o)
    0x08000ff0   0x08000ff0   0x0000002a   Code   RO         2836    CL$$btod_emul       c_w.l(btod.o)
    0x0800101a   0x0800101a   0x00000244   Code   RO         2842    CL$$btod_mult_common  c_w.l(btod.o)
    0x0800125e   0x0800125e   0x00000002   Code   RO          195    i.BusFault_Handler  stm32f1xx_it.o
    0x08001260   0x08001260   0x00000002   Code   RO          196    i.DebugMon_Handler  stm32f1xx_it.o
    0x08001262   0x08001262   0x00000004   Code   RO         2552    i.Delay_ms          delay.o
    0x08001266   0x08001266   0x00000006   Code   RO         2389    i.EXTI3_IRQHandler  exti.o
    0x0800126c   0x0800126c   0x00000024   Code   RO         1310    i.HAL_Delay         stm32f1xx_hal.o
    0x08001290   0x08001290   0x00000028   Code   RO         2390    i.HAL_GPIO_EXTI_Callback  exti.o
    0x080012b8   0x080012b8   0x00000018   Code   RO         1617    i.HAL_GPIO_EXTI_IRQHandler  stm32f1xx_hal_gpio.o
    0x080012d0   0x080012d0   0x000001e0   Code   RO         1618    i.HAL_GPIO_Init     stm32f1xx_hal_gpio.o
    0x080014b0   0x080014b0   0x0000000a   Code   RO         1620    i.HAL_GPIO_ReadPin  stm32f1xx_hal_gpio.o
    0x080014ba   0x080014ba   0x0000000a   Code   RO         1622    i.HAL_GPIO_WritePin  stm32f1xx_hal_gpio.o
    0x080014c4   0x080014c4   0x0000000c   Code   RO         1314    i.HAL_GetTick       stm32f1xx_hal.o
    0x080014d0   0x080014d0   0x00000010   Code   RO         1320    i.HAL_IncTick       stm32f1xx_hal.o
    0x080014e0   0x080014e0   0x00000024   Code   RO         1321    i.HAL_Init          stm32f1xx_hal.o
    0x08001504   0x08001504   0x00000040   Code   RO         1322    i.HAL_InitTick      stm32f1xx_hal.o
    0x08001544   0x08001544   0x00000044   Code   RO          270    i.HAL_MspInit       stm32f1xx_hal_msp.o
    0x08001588   0x08001588   0x0000001a   Code   RO         1778    i.HAL_NVIC_EnableIRQ  stm32f1xx_hal_cortex.o
    0x080015a2   0x080015a2   0x00000002   PAD
    0x080015a4   0x080015a4   0x00000040   Code   RO         1784    i.HAL_NVIC_SetPriority  stm32f1xx_hal_cortex.o
    0x080015e4   0x080015e4   0x00000024   Code   RO         1785    i.HAL_NVIC_SetPriorityGrouping  stm32f1xx_hal_cortex.o
    0x08001608   0x08001608   0x0000012c   Code   RO         1478    i.HAL_RCC_ClockConfig  stm32f1xx_hal_rcc.o
    0x08001734   0x08001734   0x00000020   Code   RO         1485    i.HAL_RCC_GetPCLK1Freq  stm32f1xx_hal_rcc.o
    0x08001754   0x08001754   0x0000006c   Code   RO         1487    i.HAL_RCC_GetSysClockFreq  stm32f1xx_hal_rcc.o
    0x080017c0   0x080017c0   0x00000320   Code   RO         1490    i.HAL_RCC_OscConfig  stm32f1xx_hal_rcc.o
    0x08001ae0   0x08001ae0   0x00000028   Code   RO         1789    i.HAL_SYSTICK_Config  stm32f1xx_hal_cortex.o
    0x08001b08   0x08001b08   0x00000002   Code   RO         1036    i.HAL_TIMEx_BreakCallback  stm32f1xx_hal_tim_ex.o
    0x08001b0a   0x08001b0a   0x00000002   Code   RO         1037    i.HAL_TIMEx_CommutCallback  stm32f1xx_hal_tim_ex.o
    0x08001b0c   0x08001b0c   0x000000ac   Code   RO         2627    i.HAL_TIM_IC_CaptureCallback  gtim.o
    0x08001bb8   0x08001bb8   0x0000010e   Code   RO          368    i.HAL_TIM_IC_ConfigChannel  stm32f1xx_hal_tim.o
    0x08001cc6   0x08001cc6   0x0000005a   Code   RO          371    i.HAL_TIM_IC_Init   stm32f1xx_hal_tim.o
    0x08001d20   0x08001d20   0x00000002   Code   RO          373    i.HAL_TIM_IC_MspInit  stm32f1xx_hal_tim.o
    0x08001d22   0x08001d22   0x00000002   PAD
    0x08001d24   0x08001d24   0x000000e0   Code   RO          376    i.HAL_TIM_IC_Start_IT  stm32f1xx_hal_tim.o
    0x08001e04   0x08001e04   0x00000166   Code   RO          380    i.HAL_TIM_IRQHandler  stm32f1xx_hal_tim.o
    0x08001f6a   0x08001f6a   0x00000002   Code   RO          383    i.HAL_TIM_OC_DelayElapsedCallback  stm32f1xx_hal_tim.o
    0x08001f6c   0x08001f6c   0x000000c6   Code   RO          404    i.HAL_TIM_PWM_ConfigChannel  stm32f1xx_hal_tim.o
    0x08002032   0x08002032   0x0000005a   Code   RO          407    i.HAL_TIM_PWM_Init  stm32f1xx_hal_tim.o
    0x0800208c   0x0800208c   0x00000084   Code   RO         2591    i.HAL_TIM_PWM_MspInit  pwm.o
    0x08002110   0x08002110   0x00000002   Code   RO          410    i.HAL_TIM_PWM_PulseFinishedCallback  stm32f1xx_hal_tim.o
    0x08002112   0x08002112   0x00000002   PAD
    0x08002114   0x08002114   0x0000009c   Code   RO          412    i.HAL_TIM_PWM_Start  stm32f1xx_hal_tim.o
    0x080021b0   0x080021b0   0x00000002   Code   RO          418    i.HAL_TIM_PeriodElapsedCallback  stm32f1xx_hal_tim.o
    0x080021b2   0x080021b2   0x0000002a   Code   RO          420    i.HAL_TIM_ReadCapturedValue  stm32f1xx_hal_tim.o
    0x080021dc   0x080021dc   0x00000002   Code   RO          423    i.HAL_TIM_TriggerCallback  stm32f1xx_hal_tim.o
    0x080021de   0x080021de   0x00000002   Code   RO          197    i.HardFault_Handler  stm32f1xx_it.o
    0x080021e0   0x080021e0   0x00000002   Code   RO          198    i.MemManage_Handler  stm32f1xx_it.o
    0x080021e2   0x080021e2   0x00000002   Code   RO          199    i.NMI_Handler       stm32f1xx_it.o
    0x080021e4   0x080021e4   0x00000026   Code   RO         2434    i.OLED_Clear        oled.o
    0x0800220a   0x0800220a   0x00000002   PAD
    0x0800220c   0x0800220c   0x00000054   Code   RO         2435    i.OLED_I2C_Init     oled.o
    0x08002260   0x08002260   0x00000064   Code   RO         2436    i.OLED_I2C_SendByte  oled.o
    0x080022c4   0x080022c4   0x00000038   Code   RO         2437    i.OLED_I2C_Start    oled.o
    0x080022fc   0x080022fc   0x00000030   Code   RO         2438    i.OLED_I2C_Stop     oled.o
    0x0800232c   0x0800232c   0x0000009e   Code   RO         2439    i.OLED_Init         oled.o
    0x080023ca   0x080023ca   0x0000000e   Code   RO         2440    i.OLED_Pow          oled.o
    0x080023d8   0x080023d8   0x00000022   Code   RO         2441    i.OLED_SetCursor    oled.o
    0x080023fa   0x080023fa   0x00000002   PAD
    0x080023fc   0x080023fc   0x00000068   Code   RO         2443    i.OLED_ShowChar     oled.o
    0x08002464   0x08002464   0x00000042   Code   RO         2445    i.OLED_ShowNum      oled.o
    0x080024a6   0x080024a6   0x00000026   Code   RO         2447    i.OLED_ShowString   oled.o
    0x080024cc   0x080024cc   0x00000022   Code   RO         2448    i.OLED_WriteCommand  oled.o
    0x080024ee   0x080024ee   0x00000022   Code   RO         2449    i.OLED_WriteData    oled.o
    0x08002510   0x08002510   0x00000002   Code   RO          200    i.PendSV_Handler    stm32f1xx_it.o
    0x08002512   0x08002512   0x00000002   Code   RO          201    i.SVC_Handler       stm32f1xx_it.o
    0x08002514   0x08002514   0x00000004   Code   RO          202    i.SysTick_Handler   stm32f1xx_it.o
    0x08002518   0x08002518   0x0000005e   Code   RO           14    i.SystemClock_Config  main.o
    0x08002576   0x08002576   0x00000002   Code   RO         2279    i.SystemInit        system_stm32f1xx.o
    0x08002578   0x08002578   0x0000000c   Code   RO         2628    i.TIM3_IRQHandler   gtim.o
    0x08002584   0x08002584   0x0000006c   Code   RO          425    i.TIM_Base_SetConfig  stm32f1xx_hal_tim.o
    0x080025f0   0x080025f0   0x0000001a   Code   RO          426    i.TIM_CCxChannelCmd  stm32f1xx_hal_tim.o
    0x0800260a   0x0800260a   0x00000002   PAD
    0x0800260c   0x0800260c   0x00000050   Code   RO          438    i.TIM_OC1_SetConfig  stm32f1xx_hal_tim.o
    0x0800265c   0x0800265c   0x00000058   Code   RO          439    i.TIM_OC2_SetConfig  stm32f1xx_hal_tim.o
    0x080026b4   0x080026b4   0x00000058   Code   RO          440    i.TIM_OC3_SetConfig  stm32f1xx_hal_tim.o
    0x0800270c   0x0800270c   0x00000044   Code   RO          441    i.TIM_OC4_SetConfig  stm32f1xx_hal_tim.o
    0x08002750   0x08002750   0x00000058   Code   RO          444    i.TIM_TI1_SetConfig  stm32f1xx_hal_tim.o
    0x080027a8   0x080027a8   0x00000036   Code   RO          446    i.TIM_TI2_SetConfig  stm32f1xx_hal_tim.o
    0x080027de   0x080027de   0x00000002   Code   RO          203    i.UsageFault_Handler  stm32f1xx_it.o
    0x080027e0   0x080027e0   0x00000028   Code   RO         2876    i.__ARM_fpclassify  m_ws.l(fpclassify.o)
    0x08002808   0x08002808   0x00000020   Code   RO         1791    i.__NVIC_SetPriority  stm32f1xx_hal_cortex.o
    0x08002828   0x08002828   0x00000388   Code   RO         2788    i.__ieee754_rem_pio2  m_ws.l(rred.o)
    0x08002bb0   0x08002bb0   0x000000fc   Code   RO         2771    i.__kernel_cos      m_ws.l(cos_i.o)
    0x08002cac   0x08002cac   0x000000aa   Code   RO         2878    i.__kernel_poly     m_ws.l(poly.o)
    0x08002d56   0x08002d56   0x00000002   PAD
    0x08002d58   0x08002d58   0x000000ec   Code   RO         2793    i.__kernel_sin      m_ws.l(sin_i.o)
    0x08002e44   0x08002e44   0x00000006   Code   RO         2775    i.__mathlib_dbl_infnan  m_ws.l(dunder.o)
    0x08002e4a   0x08002e4a   0x0000000c   Code   RO         2777    i.__mathlib_dbl_invalid  m_ws.l(dunder.o)
    0x08002e56   0x08002e56   0x00000002   PAD
    0x08002e58   0x08002e58   0x00000010   Code   RO         2780    i.__mathlib_dbl_underflow  m_ws.l(dunder.o)
    0x08002e68   0x08002e68   0x0000000e   Code   RO         2690    i._is_digit         c_w.l(__printf_wp.o)
    0x08002e76   0x08002e76   0x00000002   PAD
    0x08002e78   0x08002e78   0x0000004c   Code   RO         2391    i.exti_init         exti.o
    0x08002ec4   0x08002ec4   0x00000040   Code   RO         2592    i.gtim_pwn_chy_init  pwm.o
    0x08002f04   0x08002f04   0x00000098   Code   RO         2629    i.gtim_timx_cap_init  gtim.o
    0x08002f9c   0x08002f9c   0x00000010   Code   RO         2316    i.led_Open          led.o
    0x08002fac   0x08002fac   0x00000010   Code   RO         2317    i.led_close         led.o
    0x08002fbc   0x08002fbc   0x00000048   Code   RO         2318    i.led_init          led.o
    0x08003004   0x08003004   0x000000c4   Code   RO           15    i.main              main.o
    0x080030c8   0x080030c8   0x000000a0   Code   RO         2743    i.sin               m_ws.l(sin.o)
    0x08003168   0x08003168   0x0000002c   Code   RO         2856    locale$$code        c_w.l(lc_numeric_c.o)
    0x08003194   0x08003194   0x00000150   Code   RO         2708    x$fpl$dadd          fz_ws.l(daddsub_clz.o)
    0x080032e4   0x080032e4   0x00000010   Code   RO         2760    x$fpl$dcheck1       fz_ws.l(dcheck1.o)
    0x080032f4   0x080032f4   0x000002b0   Code   RO         2859    x$fpl$ddiv          fz_ws.l(ddiv.o)
    0x080035a4   0x080035a4   0x0000005e   Code   RO         2862    x$fpl$dfix          fz_ws.l(dfix.o)
    0x08003602   0x08003602   0x00000002   PAD
    0x08003604   0x08003604   0x0000005a   Code   RO         2714    x$fpl$dfixu         fz_ws.l(dfixu.o)
    0x0800365e   0x0800365e   0x0000002e   Code   RO         2867    x$fpl$dflt          fz_ws.l(dflt_clz.o)
    0x0800368c   0x0800368c   0x00000026   Code   RO         2866    x$fpl$dfltu         fz_ws.l(dflt_clz.o)
    0x080036b2   0x080036b2   0x00000002   PAD
    0x080036b4   0x080036b4   0x00000154   Code   RO         2718    x$fpl$dmul          fz_ws.l(dmul.o)
    0x08003808   0x08003808   0x0000009c   Code   RO         2762    x$fpl$dnaninf       fz_ws.l(dnaninf.o)
    0x080038a4   0x080038a4   0x0000000c   Code   RO         2764    x$fpl$dretinf       fz_ws.l(dretinf.o)
    0x080038b0   0x080038b0   0x00000016   Code   RO         2709    x$fpl$drsb          fz_ws.l(daddsub_clz.o)
    0x080038c6   0x080038c6   0x00000002   PAD
    0x080038c8   0x080038c8   0x000001d4   Code   RO         2710    x$fpl$dsub          fz_ws.l(daddsub_clz.o)
    0x08003a9c   0x08003a9c   0x00000056   Code   RO         2720    x$fpl$f2d           fz_ws.l(f2d.o)
    0x08003af2   0x08003af2   0x00000002   PAD
    0x08003af4   0x08003af4   0x000000c4   Code   RO         2722    x$fpl$fadd          fz_ws.l(faddsub_clz.o)
    0x08003bb8   0x08003bb8   0x00000184   Code   RO         2729    x$fpl$fdiv          fz_ws.l(fdiv.o)
    0x08003d3c   0x08003d3c   0x00000026   Code   RO         2732    x$fpl$ffltu         fz_ws.l(fflt_clz.o)
    0x08003d62   0x08003d62   0x0000008c   Code   RO         2766    x$fpl$fnaninf       fz_ws.l(fnaninf.o)
    0x08003dee   0x08003dee   0x0000000a   Code   RO         2768    x$fpl$fretinf       fz_ws.l(fretinf.o)
    0x08003df8   0x08003df8   0x000000ea   Code   RO         2724    x$fpl$fsub          fz_ws.l(faddsub_clz.o)
    0x08003ee2   0x08003ee2   0x00000004   Code   RO         2738    x$fpl$printf1       fz_ws.l(printf1.o)
    0x08003ee6   0x08003ee6   0x00000064   Code   RO         2874    x$fpl$retnan        fz_ws.l(retnan.o)
    0x08003f4a   0x08003f4a   0x0000005c   Code   RO         2740    x$fpl$scalbn        fz_ws.l(scalbn.o)
    0x08003fa6   0x08003fa6   0x00000030   Code   RO         2940    x$fpl$trapveneer    fz_ws.l(trapv.o)
    0x08003fd6   0x08003fd6   0x00000000   Code   RO         2770    x$fpl$usenofp       fz_ws.l(usenofp.o)
    0x08003fd6   0x08003fd6   0x00000010   Data   RO         2280    .constdata          system_stm32f1xx.o
    0x08003fe6   0x08003fe6   0x00000008   Data   RO         2281    .constdata          system_stm32f1xx.o
    0x08003fee   0x08003fee   0x000005f0   Data   RO         2450    .constdata          oled.o
    0x080045de   0x080045de   0x00000002   PAD
    0x080045e0   0x080045e0   0x00000030   Data   RO         2772    .constdata          m_ws.l(cos_i.o)
    0x08004610   0x08004610   0x000000c8   Data   RO         2790    .constdata          m_ws.l(rred.o)
    0x080046d8   0x080046d8   0x00000028   Data   RO         2794    .constdata          m_ws.l(sin_i.o)
    0x08004700   0x08004700   0x00000094   Data   RO         2831    .constdata          c_w.l(bigflt0.o)
    0x08004794   0x08004794   0x00000020   Data   RO         3021    Region$$Table       anon$$obj.o
    0x080047b4   0x080047b4   0x0000001c   Data   RO         2855    locale$$data        c_w.l(lc_numeric_c.o)


    Execution Region RW_IRAM1 (Exec base: 0x20000000, Load base: 0x080047d0, Size: 0x00000738, Max: 0x00005000, ABSOLUTE)

    Exec Addr    Load Addr    Size         Type   Attr      Idx    E Section Name        Object

    0x20000000   0x080047d0   0x0000000c   Data   RW         1328    .data               stm32f1xx_hal.o
    0x2000000c   0x080047dc   0x00000004   Data   RW         2282    .data               system_stm32f1xx.o
    0x20000010   0x080047e0   0x0000000c   Data   RW         2631    .data               gtim.o
    0x2000001c        -       0x00000064   Zero   RW         2593    .bss                pwm.o
    0x20000080        -       0x00000058   Zero   RW         2630    .bss                gtim.o
    0x200000d8        -       0x00000060   Zero   RW         2881    .bss                c_w.l(libspace.o)
    0x20000138        -       0x00000200   Zero   RW            2    HEAP                startup_stm32f103xb.o
    0x20000338        -       0x00000400   Zero   RW            1    STACK               startup_stm32f103xb.o


==============================================================================

Image component sizes


      Code (inc. data)   RO Data    RW Data    ZI Data      Debug   Object Name

         4          0          0          0          0        431   delay.o
       122         20          0          0          0       1884   exti.o
       336         36          0         12         88       2619   gtim.o
       104         22          0          0          0       1658   led.o
       290         36          0          0          0     417088   main.o
       808         32       1520          0          0       8147   oled.o
       196         16          0          0        100       1864   pwm.o
        64         26        236          0       1536        784   startup_stm32f103xb.o
       164         28          0         12          0       5689   stm32f1xx_hal.o
       198         14          0          0          0      28783   stm32f1xx_hal_cortex.o
       524         40          0          0          0       3982   stm32f1xx_hal_gpio.o
        68         10          0          0          0        794   stm32f1xx_hal_msp.o
      1240         88          0          0          0       4505   stm32f1xx_hal_rcc.o
      2038         70          0          0          0      15807   stm32f1xx_hal_tim.o
         4          0          0          0          0       1477   stm32f1xx_hal_tim_ex.o
        20          0          0          0          0       3566   stm32f1xx_it.o
         2          0         24          4          0       1015   system_stm32f1xx.o

    ----------------------------------------------------------------------
      6194        438       1814         28       1724     500093   Object Totals
         0          0         32          0          0          0   (incl. Generated)
        12          0          2          0          0          0   (incl. Padding)

    ----------------------------------------------------------------------

      Code (inc. data)   RO Data    RW Data    ZI Data      Debug   Library Member Name

         8          0          0          0          0         68   __main.o
       284          0          0          0          0        156   __printf_wp.o
         0          0          0          0          0          0   __rtentry.o
        12          0          0          0          0          0   __rtentry2.o
         6          0          0          0          0          0   __rtentry4.o
        52          8          0          0          0          0   __scatter.o
        26          0          0          0          0          0   __scatter_copy.o
        28          0          0          0          0          0   __scatter_zi.o
        48          6          0          0          0         96   _printf_char_common.o
         6          0          0          0          0          0   _printf_f.o
      1054          0          0          0          0        216   _printf_fp_dec.o
       128         16          0          0          0         84   _printf_fp_infnan.o
         0          0          0          0          0          0   _printf_percent.o
         4          0          0          0          0          0   _printf_percent_end.o
        22          0          0          0          0        100   _rserrno.o
        10          0          0          0          0         68   _sputc.o
       228          4        148          0          0         96   bigflt0.o
      1936        128          0          0          0        672   btod.o
        18          0          0          0          0         80   exit.o
         6          0          0          0          0        152   heapauxi.o
         0          0          0          0          0          0   indicate_semi.o
        44         10         28          0          0         76   lc_numeric_c.o
         2          0          0          0          0          0   libinit.o
        18          0          0          0          0          0   libinit2.o
         2          0          0          0          0          0   libshutdown.o
         2          0          0          0          0          0   libshutdown2.o
         8          4          0          0         96         68   libspace.o
       138          0          0          0          0         80   lludiv10.o
        40          6          0          0          0         84   noretval__2sprintf.o
         8          4          0          0          0         68   rt_errno_addr_intlibspace.o
         8          4          0          0          0         68   rt_locale_intlibspace.o
        78          0          0          0          0         80   rt_memclr_w.o
         2          0          0          0          0          0   rtexit.o
        10          0          0          0          0          0   rtexit2.o
       128          0          0          0          0         68   strcmpv7m.o
        12          4          0          0          0         68   sys_exit.o
        74          0          0          0          0         80   sys_stackheap_outer.o
         2          0          0          0          0         68   use_no_semi.o
       826         16          0          0          0        348   daddsub_clz.o
        16          4          0          0          0         68   dcheck1.o
       688        140          0          0          0        208   ddiv.o
        94          4          0          0          0         92   dfix.o
        90          4          0          0          0         92   dfixu.o
        84          0          0          0          0        136   dflt_clz.o
       340         12          0          0          0        104   dmul.o
       156          4          0          0          0         92   dnaninf.o
        12          0          0          0          0         68   dretinf.o
        86          4          0          0          0         84   f2d.o
       430          8          0          0          0        168   faddsub_clz.o
       388         76          0          0          0         96   fdiv.o
        38          0          0          0          0         68   fflt_clz.o
       140          4          0          0          0         84   fnaninf.o
        10          0          0          0          0         68   fretinf.o
         4          0          0          0          0         68   printf1.o
       100          0          0          0          0         68   retnan.o
        92          0          0          0          0         68   scalbn.o
        48          0          0          0          0         68   trapv.o
         0          0          0          0          0          0   usenofp.o
       252         22         48          0          0        124   cos_i.o
        34          6          0          0          0        204   dunder.o
        40          0          0          0          0         68   fpclassify.o
       170          0          0          0          0         96   poly.o
       904         76        200          0          0        140   rred.o
       160         10          0          0          0        108   sin.o
       236         12         40          0          0        128   sin_i.o

    ----------------------------------------------------------------------
      9912        596        464          0         96       5512   Library Totals
        22          0          0          0          0          0   (incl. Padding)

    ----------------------------------------------------------------------

      Code (inc. data)   RO Data    RW Data    ZI Data      Debug   Library Name

      4452        194        176          0         96       2596   c_w.l
      3642        276          0          0          0       2048   fz_ws.l
      1796        126        288          0          0        868   m_ws.l

    ----------------------------------------------------------------------
      9912        596        464          0         96       5512   Library Totals

    ----------------------------------------------------------------------

==============================================================================


      Code (inc. data)   RO Data    RW Data    ZI Data      Debug   

     16106       1034       2278         28       1820     498633   Grand Totals
     16106       1034       2278         28       1820     498633   ELF Image Totals
     16106       1034       2278         28          0          0   ROM Totals

==============================================================================

    Total RO  Size (Code + RO Data)                18384 (  17.95kB)
    Total RW  Size (RW Data + ZI Data)              1848 (   1.80kB)
    Total ROM Size (Code + RO Data + RW Data)      18412 (  17.98kB)

==============================================================================

